Apr 12 00:00:09 black systemd[1]: logrotate.service: Succeeded.
Apr 12 00:00:09 black systemd[1]: Finished Rotate log files.
Apr 12 00:00:10 black systemd[1]: man-db.service: Succeeded.
Apr 12 00:00:10 black systemd[1]: Finished Daily man-db regeneration.
Apr 12 00:00:10 black colord[1909]: failed to get session [pid 344865]: No data available
Apr 12 00:05:39 black smartd[1158]: Device: /dev/sdc [SAT], 8 Currently unreadable (pending) sectors
Apr 12 00:05:39 black smartd[1158]: Device: /dev/sdc [SAT], 8 Offline uncorrectable sectors
Apr 12 00:09:01 black CRON[344890]: (root) CMD (  [ -x /usr/lib/php/sessionclean ] && if [ ! -d /run/systemd/system ]; then /usr/lib/php/sessionclean; fi)
Apr 12 00:09:09 black systemd[1]: Starting Clean php session files...
Apr 12 00:09:09 black systemd[1]: phpsessionclean.service: Succeeded.
Apr 12 00:09:09 black systemd[1]: Finished Clean php session files.
Apr 12 00:17:01 black CRON[344961]: (root) CMD (   cd / && run-parts --report /etc/cron.hourly)
Apr 12 00:19:57 black systemd[1]: Started Session 414 of user wez.
Apr 12 00:24:01 black CRON[345111]: (root) CMD (if [ $(date +%w) -eq 0 ] && [ -x /usr/lib/zfs-linux/scrub ]; then /usr/lib/zfs-linux/scrub; fi)
Apr 12 00:28:35 black systemd[1]: Started Session 416 of user wez.
Apr 12 00:35:39 black smartd[1158]: Device: /dev/sdb [SAT], SMART Usage Attribute: 194 Temperature_Celsius changed from 71 to 68
Apr 12 00:35:39 black smartd[1158]: Device: /dev/sdc [SAT], 8 Currently unreadable (pending) sectors
Apr 12 00:35:39 black smartd[1158]: Device: /dev/sdc [SAT], 8 Offline uncorrectable sectors
Apr 12 00:39:01 black CRON[345293]: (root) CMD (  [ -x /usr/lib/php/sessionclean ] && if [ ! -d /run/systemd/system ]; then /usr/lib/php/sessionclean; fi)
Apr 12 00:39:09 black systemd[1]: Starting Clean php session files...
Apr 12 00:39:09 black systemd[1]: phpsessionclean.service: Succeeded.
Apr 12 00:39:09 black systemd[1]: Finished Clean php session files.
Apr 12 00:41:46 black systemd[1]: Starting Daily apt download activities...
Apr 12 00:42:17 black apt-helper[345359]: E: Sub-process nm-online returned an error code (1)
Apr 12 00:42:20 black dbus-daemon[1134]: [system] Activating via systemd: service name='org.freedesktop.PackageKit' unit='packagekit.service' requested by ':1.322' (uid=0 pid=345874 comm="/usr/bin/gdbus call --system --dest org.freedeskto" label="unconfined")
Apr 12 00:42:20 black systemd[1]: Starting PackageKit Daemon...
Apr 12 00:42:20 black PackageKit: daemon start
Apr 12 00:42:20 black dbus-daemon[1134]: [system] Successfully activated service 'org.freedesktop.PackageKit'
Apr 12 00:42:20 black systemd[1]: Started PackageKit Daemon.
Apr 12 00:42:33 black systemd[1]: apt-daily.service: Succeeded.
Apr 12 00:42:33 black systemd[1]: Finished Daily apt download activities.
Apr 12 00:47:25 black PackageKit: daemon quit
Apr 12 00:47:25 black systemd[1]: packagekit.service: Succeeded.
Apr 12 01:05:39 black smartd[1158]: Device: /dev/sdb [SAT], SMART Usage Attribute: 194 Temperature_Celsius changed from 68 to 71
Apr 12 01:05:39 black smartd[1158]: Device: /dev/sdc [SAT], 8 Currently unreadable (pending) sectors
Apr 12 01:05:39 black smartd[1158]: Device: /dev/sdc [SAT], 8 Offline uncorrectable sectors
Apr 12 01:09:01 black CRON[346059]: (root) CMD (  [ -x /usr/lib/php/sessionclean ] && if [ ! -d /run/systemd/system ]; then /usr/lib/php/sessionclean; fi)
Apr 12 01:09:09 black systemd[1]: Starting Clean php session files...
Apr 12 01:09:09 black systemd[1]: phpsessionclean.service: Succeeded.
Apr 12 01:09:09 black systemd[1]: Finished Clean php session files.
Apr 12 01:17:01 black CRON[346132]: (root) CMD (   cd / && run-parts --report /etc/cron.hourly)
Apr 12 01:35:39 black smartd[1158]: Device: /dev/sdc [SAT], 8 Currently unreadable (pending) sectors
Apr 12 01:35:39 black smartd[1158]: Device: /dev/sdc [SAT], 8 Offline uncorrectable sectors
Apr 12 01:35:44 black snapd[6937]: storehelpers.go:721: cannot refresh: snap has no updates available: "core20", "lxd", "snapd"
Apr 12 01:35:44 black snapd[6937]: autorefresh.go:536: auto-refresh: all snaps are up-to-date
Apr 12 01:39:01 black CRON[346143]: (root) CMD (  [ -x /usr/lib/php/sessionclean ] && if [ ! -d /run/systemd/system ]; then /usr/lib/php/sessionclean; fi)
Apr 12 01:39:09 black systemd[1]: Starting Clean php session files...
Apr 12 01:39:09 black systemd[1]: phpsessionclean.service: Succeeded.
Apr 12 01:39:09 black systemd[1]: Finished Clean php session files.
Apr 12 02:05:39 black smartd[1158]: Device: /dev/sda [SAT], SMART Usage Attribute: 194 Temperature_Celsius changed from 67 to 68
Apr 12 02:05:39 black smartd[1158]: Device: /dev/sdc [SAT], 8 Currently unreadable (pending) sectors
Apr 12 02:05:39 black smartd[1158]: Device: /dev/sdc [SAT], 8 Offline uncorrectable sectors
Apr 12 02:05:39 black smartd[1158]: Device: /dev/sdc [SAT], SMART Usage Attribute: 190 Airflow_Temperature_Cel changed from 71 to 72
Apr 12 02:05:39 black smartd[1158]: Device: /dev/sdc [SAT], SMART Usage Attribute: 194 Temperature_Celsius changed from 29 to 28
Apr 12 02:09:00 black systemd[1]: Starting Clean php session files...
Apr 12 02:09:00 black systemd[1]: phpsessionclean.service: Succeeded.
Apr 12 02:09:00 black systemd[1]: Finished Clean php session files.
Apr 12 02:09:01 black CRON[346280]: (root) CMD (  [ -x /usr/lib/php/sessionclean ] && if [ ! -d /run/systemd/system ]; then /usr/lib/php/sessionclean; fi)
Apr 12 02:17:01 black CRON[346285]: (root) CMD (   cd / && run-parts --report /etc/cron.hourly)
Apr 12 02:32:43 black systemd[1]: session-414.scope: Succeeded.
Apr 12 02:35:39 black smartd[1158]: Device: /dev/sda [SAT], SMART Usage Attribute: 194 Temperature_Celsius changed from 68 to 67
Apr 12 02:35:39 black smartd[1158]: Device: /dev/sdb [SAT], SMART Usage Attribute: 194 Temperature_Celsius changed from 71 to 72
Apr 12 02:35:39 black smartd[1158]: Device: /dev/sdc [SAT], 8 Currently unreadable (pending) sectors
Apr 12 02:35:39 black smartd[1158]: Device: /dev/sdc [SAT], 8 Offline uncorrectable sectors
Apr 12 02:39:00 black systemd[1]: Starting Clean php session files...
Apr 12 02:39:00 black systemd[1]: phpsessionclean.service: Succeeded.
Apr 12 02:39:00 black systemd[1]: Finished Clean php session files.
Apr 12 02:39:01 black CRON[346379]: (root) CMD (  [ -x /usr/lib/php/sessionclean ] && if [ ! -d /run/systemd/system ]; then /usr/lib/php/sessionclean; fi)
Apr 12 02:46:22 black systemd[1]: session-416.scope: Succeeded.
Apr 12 03:01:20 black systemd[1]: Starting Message of the Day...
Apr 12 03:01:21 black 50-motd-news[346448]:  * Super-optimized for small spaces - read how we shrank the memory
Apr 12 03:01:21 black 50-motd-news[346448]:    footprint of MicroK8s to make it the smallest full K8s around.
Apr 12 03:01:21 black 50-motd-news[346448]:    https://ubuntu.com/blog/microk8s-memory-optimisation
Apr 12 03:01:21 black systemd[1]: motd-news.service: Succeeded.
Apr 12 03:01:21 black systemd[1]: Finished Message of the Day.
Apr 12 03:05:39 black smartd[1158]: Device: /dev/sda [SAT], SMART Usage Attribute: 194 Temperature_Celsius changed from 67 to 68
Apr 12 03:05:39 black smartd[1158]: Device: /dev/sdc [SAT], 8 Currently unreadable (pending) sectors
Apr 12 03:05:39 black smartd[1158]: Device: /dev/sdc [SAT], 8 Offline uncorrectable sectors
Apr 12 03:09:00 black systemd[1]: Starting Clean php session files...
Apr 12 03:09:00 black systemd[1]: phpsessionclean.service: Succeeded.
Apr 12 03:09:00 black systemd[1]: Finished Clean php session files.
Apr 12 03:09:01 black CRON[346524]: (root) CMD (  [ -x /usr/lib/php/sessionclean ] && if [ ! -d /run/systemd/system ]; then /usr/lib/php/sessionclean; fi)
Apr 12 03:10:01 black CRON[346527]: (root) CMD (test -e /run/systemd/system || SERVICE_MODE=1 /sbin/e2scrub_all -A -r)
Apr 12 03:17:01 black CRON[346532]: (root) CMD (   cd / && run-parts --report /etc/cron.hourly)
Apr 12 03:25:04 black systemd[1]: Started Session 427 of user wez.
Apr 12 03:35:39 black smartd[1158]: Device: /dev/sda [SAT], SMART Usage Attribute: 194 Temperature_Celsius changed from 68 to 69
Apr 12 03:35:39 black smartd[1158]: Device: /dev/sdb [SAT], SMART Usage Attribute: 194 Temperature_Celsius changed from 72 to 73
Apr 12 03:35:39 black smartd[1158]: Device: /dev/sdc [SAT], 8 Currently unreadable (pending) sectors
Apr 12 03:35:39 black smartd[1158]: Device: /dev/sdc [SAT], 8 Offline uncorrectable sectors
Apr 12 03:39:00 black systemd[1]: Starting Clean php session files...
Apr 12 03:39:00 black systemd[1]: phpsessionclean.service: Succeeded.
Apr 12 03:39:00 black systemd[1]: Finished Clean php session files.
Apr 12 03:39:01 black CRON[346748]: (root) CMD (  [ -x /usr/lib/php/sessionclean ] && if [ ! -d /run/systemd/system ]; then /usr/lib/php/sessionclean; fi)
Apr 12 04:05:39 black smartd[1158]: Device: /dev/sdc [SAT], 8 Currently unreadable (pending) sectors
Apr 12 04:05:39 black smartd[1158]: Device: /dev/sdc [SAT], 8 Offline uncorrectable sectors
Apr 12 04:05:39 black smartd[1158]: Device: /dev/sdc [SAT], SMART Usage Attribute: 190 Airflow_Temperature_Cel changed from 72 to 73
Apr 12 04:05:39 black smartd[1158]: Device: /dev/sdc [SAT], SMART Usage Attribute: 194 Temperature_Celsius changed from 28 to 27
Apr 12 04:09:00 black systemd[1]: Starting Clean php session files...
Apr 12 04:09:00 black systemd[1]: phpsessionclean.service: Succeeded.
Apr 12 04:09:00 black systemd[1]: Finished Clean php session files.
Apr 12 04:09:01 black CRON[346824]: (root) CMD (  [ -x /usr/lib/php/sessionclean ] && if [ ! -d /run/systemd/system ]; then /usr/lib/php/sessionclean; fi)
Apr 12 04:17:01 black CRON[346831]: (root) CMD (   cd / && run-parts --report /etc/cron.hourly)
Apr 12 04:35:39 black smartd[1158]: Device: /dev/sdc [SAT], 8 Currently unreadable (pending) sectors
Apr 12 04:35:39 black smartd[1158]: Device: /dev/sdc [SAT], 8 Offline uncorrectable sectors
Apr 12 04:39:01 black systemd[1]: Starting Clean php session files...
Apr 12 04:39:01 black systemd[1]: phpsessionclean.service: Succeeded.
Apr 12 04:39:01 black systemd[1]: Finished Clean php session files.
Apr 12 04:39:01 black CRON[346908]: (root) CMD (  [ -x /usr/lib/php/sessionclean ] && if [ ! -d /run/systemd/system ]; then /usr/lib/php/sessionclean; fi)
Apr 12 04:51:21 black systemd[1]: Starting Ubuntu Advantage Timer for running repeated jobs...
Apr 12 04:51:21 black systemd[1]: ua-timer.service: Succeeded.
Apr 12 04:51:21 black systemd[1]: Finished Ubuntu Advantage Timer for running repeated jobs.
Apr 12 05:05:39 black smartd[1158]: Device: /dev/sdc [SAT], 8 Currently unreadable (pending) sectors
Apr 12 05:05:39 black smartd[1158]: Device: /dev/sdc [SAT], 8 Offline uncorrectable sectors
Apr 12 05:09:01 black systemd[1]: Starting Clean php session files...
Apr 12 05:09:01 black systemd[1]: phpsessionclean.service: Succeeded.
Apr 12 05:09:01 black systemd[1]: Finished Clean php session files.
Apr 12 05:09:01 black CRON[347009]: (root) CMD (  [ -x /usr/lib/php/sessionclean ] && if [ ! -d /run/systemd/system ]; then /usr/lib/php/sessionclean; fi)
Apr 12 05:17:01 black CRON[347014]: (root) CMD (   cd / && run-parts --report /etc/cron.hourly)
Apr 12 05:35:39 black smartd[1158]: Device: /dev/sdc [SAT], 8 Currently unreadable (pending) sectors
Apr 12 05:35:39 black smartd[1158]: Device: /dev/sdc [SAT], 8 Offline uncorrectable sectors
Apr 12 05:38:24 black systemd[1]: session-427.scope: Succeeded.
Apr 12 05:39:01 black systemd[1]: Starting Clean php session files...
Apr 12 05:39:01 black systemd[1]: phpsessionclean.service: Succeeded.
Apr 12 05:39:01 black systemd[1]: Finished Clean php session files.
Apr 12 05:39:01 black CRON[347113]: (root) CMD (  [ -x /usr/lib/php/sessionclean ] && if [ ! -d /run/systemd/system ]; then /usr/lib/php/sessionclean; fi)
Apr 12 06:00:08 black colord[1909]: failed to get session [pid 344865]: No data available
Apr 12 06:05:39 black smartd[1158]: Device: /dev/sda [SAT], SMART Usage Attribute: 194 Temperature_Celsius changed from 69 to 70
Apr 12 06:05:39 black smartd[1158]: Device: /dev/sdb [SAT], SMART Usage Attribute: 194 Temperature_Celsius changed from 73 to 74
Apr 12 06:05:39 black smartd[1158]: Device: /dev/sdc [SAT], 8 Currently unreadable (pending) sectors
Apr 12 06:05:39 black smartd[1158]: Device: /dev/sdc [SAT], 8 Offline uncorrectable sectors
Apr 12 06:09:01 black systemd[1]: Starting Clean php session files...
Apr 12 06:09:01 black systemd[1]: phpsessionclean.service: Succeeded.
Apr 12 06:09:01 black systemd[1]: Finished Clean php session files.
Apr 12 06:09:01 black CRON[347195]: (root) CMD (  [ -x /usr/lib/php/sessionclean ] && if [ ! -d /run/systemd/system ]; then /usr/lib/php/sessionclean; fi)
Apr 12 06:17:01 black CRON[347206]: (root) CMD (   cd / && run-parts --report /etc/cron.hourly)
Apr 12 06:25:01 black CRON[347211]: (root) CMD (test -x /usr/sbin/anacron || ( cd / && run-parts --report /etc/cron.daily ))
Apr 12 06:35:39 black smartd[1158]: Device: /dev/sdc [SAT], 8 Currently unreadable (pending) sectors
Apr 12 06:35:39 black smartd[1158]: Device: /dev/sdc [SAT], 8 Offline uncorrectable sectors
Apr 12 06:39:01 black CRON[347219]: (root) CMD (  [ -x /usr/lib/php/sessionclean ] && if [ ! -d /run/systemd/system ]; then /usr/lib/php/sessionclean; fi)
Apr 12 06:39:01 black systemd[1]: Starting Clean php session files...
Apr 12 06:39:01 black systemd[1]: phpsessionclean.service: Succeeded.
Apr 12 06:39:01 black systemd[1]: Finished Clean php session files.
Apr 12 06:40:31 black systemd[1]: Starting Daily apt upgrade and clean activities...
Apr 12 06:41:01 black apt-helper[347286]: E: Sub-process nm-online returned an error code (1)
Apr 12 06:41:08 black kernel: [481070.144271] audit: type=1400 audit(1649745668.192:82): apparmor="STATUS" operation="profile_replace" info="same as current profile, skipping" profile="unconfined" name="/usr/sbin/tcpdump" pid=347405 comm="apparmor_parser"
Apr 12 06:41:08 black dbus-daemon[1134]: [system] Activating via systemd: service name='org.freedesktop.PackageKit' unit='packagekit.service' requested by ':1.336' (uid=0 pid=347424 comm="/usr/bin/gdbus call --system --dest org.freedeskto" label="unconfined")
Apr 12 06:41:08 black systemd[1]: Starting PackageKit Daemon...
Apr 12 06:41:08 black PackageKit: daemon start
Apr 12 06:41:08 black dbus-daemon[1134]: [system] Successfully activated service 'org.freedesktop.PackageKit'
Apr 12 06:41:08 black systemd[1]: Started PackageKit Daemon.
Apr 12 06:41:16 black systemd[1]: apt-daily-upgrade.service: Succeeded.
Apr 12 06:41:16 black systemd[1]: Finished Daily apt upgrade and clean activities.
Apr 12 06:46:18 black PackageKit: daemon quit
Apr 12 06:46:18 black systemd[1]: packagekit.service: Succeeded.
Apr 12 07:05:39 black smartd[1158]: Device: /dev/sdc [SAT], 8 Currently unreadable (pending) sectors
Apr 12 07:05:39 black smartd[1158]: Device: /dev/sdc [SAT], 8 Offline uncorrectable sectors
Apr 12 07:09:01 black CRON[347640]: (root) CMD (  [ -x /usr/lib/php/sessionclean ] && if [ ! -d /run/systemd/system ]; then /usr/lib/php/sessionclean; fi)
Apr 12 07:09:02 black systemd[1]: Starting Clean php session files...
Apr 12 07:09:02 black systemd[1]: phpsessionclean.service: Succeeded.
Apr 12 07:09:02 black systemd[1]: Finished Clean php session files.
Apr 12 07:17:01 black CRON[347708]: (root) CMD (   cd / && run-parts --report /etc/cron.hourly)
Apr 12 07:30:01 black CRON[347715]: (root) CMD ([ -x /etc/init.d/anacron ] && if [ ! -d /run/systemd/system ]; then /usr/sbin/invoke-rc.d anacron start >/dev/null; fi)
Apr 12 07:30:32 black systemd[1]: Started Run anacron jobs.
Apr 12 07:30:32 black anacron[347716]: Anacron 2.3 started on 2022-04-12
Apr 12 07:30:32 black anacron[347716]: Will run job `cron.daily' in 5 min.
Apr 12 07:30:32 black anacron[347716]: Jobs will be executed sequentially
Apr 12 07:35:32 black anacron[347716]: Job `cron.daily' started
Apr 12 07:35:32 black anacron[347745]: Updated timestamp for job `cron.daily' to 2022-04-12
Apr 12 07:35:32 black cracklib: no dictionary update necessary.
Apr 12 07:35:39 black smartd[1158]: Device: /dev/sdc [SAT], 8 Currently unreadable (pending) sectors
Apr 12 07:35:39 black smartd[1158]: Device: /dev/sdc [SAT], 8 Offline uncorrectable sectors
Apr 12 07:35:45 black anacron[347716]: Job `cron.daily' terminated
Apr 12 07:35:45 black anacron[347716]: Normal exit (1 job run)
Apr 12 07:35:45 black systemd[1]: anacron.service: Succeeded.
Apr 12 07:39:01 black CRON[347849]: (root) CMD (  [ -x /usr/lib/php/sessionclean ] && if [ ! -d /run/systemd/system ]; then /usr/lib/php/sessionclean; fi)
Apr 12 07:39:02 black systemd[1]: Starting Clean php session files...
Apr 12 07:39:02 black systemd[1]: phpsessionclean.service: Succeeded.
Apr 12 07:39:02 black systemd[1]: Finished Clean php session files.
Apr 12 07:47:12 black systemd[1]: Starting Refresh fwupd metadata and update motd...
Apr 12 07:47:12 black dbus-daemon[1134]: [system] Activating via systemd: service name='org.freedesktop.fwupd' unit='fwupd.service' requested by ':1.342' (uid=62803 pid=347912 comm="/usr/bin/fwupdmgr refresh " label="unconfined")
Apr 12 07:47:12 black systemd[1]: Starting Firmware update daemon...
Apr 12 07:47:12 black fwupd[347932]: 07:47:12:0562 FuPluginUpower       failed to query power type
Apr 12 07:47:12 black fwupd[347932]: 07:47:12:0580 FuPluginTpm          failed to load eventlog: Failed to open file "/sys/kernel/security/tpm0/binary_bios_measurements": No such file or directory
Apr 12 07:47:12 black kernel: [485034.692170] radeon_dp_aux_transfer_native: 22 callbacks suppressed
Apr 12 07:47:12 black dbus-daemon[1134]: [system] Successfully activated service 'org.freedesktop.fwupd'
Apr 12 07:47:12 black systemd[1]: Started Firmware update daemon.
Apr 12 07:47:12 black fwupd[347932]: 07:47:12:0929 FuEngine             failed to record HSI attributes: failed to get historical attr: json-glib version too old
Apr 12 07:47:12 black systemd[1]: fwupd-refresh.service: Succeeded.
Apr 12 07:47:12 black systemd[1]: Finished Refresh fwupd metadata and update motd.
Apr 12 07:52:22 black systemd[1]: Starting Daily apt download activities...
Apr 12 07:52:52 black apt-helper[347945]: E: Sub-process nm-online returned an error code (1)
Apr 12 07:52:53 black systemd[1]: apt-daily.service: Succeeded.
Apr 12 07:52:53 black systemd[1]: Finished Daily apt download activities.
Apr 12 08:05:39 black smartd[1158]: Device: /dev/sdc [SAT], 8 Currently unreadable (pending) sectors
Apr 12 08:05:39 black smartd[1158]: Device: /dev/sdc [SAT], 8 Offline uncorrectable sectors
Apr 12 08:05:39 black smartd[1158]: Device: /dev/sdc [SAT], SMART Usage Attribute: 190 Airflow_Temperature_Cel changed from 73 to 74
Apr 12 08:05:39 black smartd[1158]: Device: /dev/sdc [SAT], SMART Usage Attribute: 194 Temperature_Celsius changed from 27 to 26
Apr 12 08:09:01 black CRON[348040]: (root) CMD (  [ -x /usr/lib/php/sessionclean ] && if [ ! -d /run/systemd/system ]; then /usr/lib/php/sessionclean; fi)
Apr 12 08:09:02 black systemd[1]: Starting Clean php session files...
Apr 12 08:09:02 black systemd[1]: phpsessionclean.service: Succeeded.
Apr 12 08:09:02 black systemd[1]: Finished Clean php session files.
Apr 12 08:17:01 black CRON[348109]: (root) CMD (   cd / && run-parts --report /etc/cron.hourly)
Apr 12 08:30:01 black CRON[348116]: (root) CMD ([ -x /etc/init.d/anacron ] && if [ ! -d /run/systemd/system ]; then /usr/sbin/invoke-rc.d anacron start >/dev/null; fi)
Apr 12 08:30:22 black systemd[1]: Started Run anacron jobs.
Apr 12 08:30:22 black anacron[348117]: Anacron 2.3 started on 2022-04-12
Apr 12 08:30:22 black anacron[348117]: Normal exit (0 jobs run)
Apr 12 08:30:22 black systemd[1]: anacron.service: Succeeded.
Apr 12 08:35:39 black smartd[1158]: Device: /dev/sdc [SAT], 8 Currently unreadable (pending) sectors
Apr 12 08:35:39 black smartd[1158]: Device: /dev/sdc [SAT], 8 Offline uncorrectable sectors
Apr 12 08:39:01 black CRON[348138]: (root) CMD (  [ -x /usr/lib/php/sessionclean ] && if [ ! -d /run/systemd/system ]; then /usr/lib/php/sessionclean; fi)
Apr 12 08:39:02 black systemd[1]: Starting Clean php session files...
Apr 12 08:39:02 black systemd[1]: phpsessionclean.service: Succeeded.
Apr 12 08:39:02 black systemd[1]: Finished Clean php session files.
Apr 12 09:05:39 black smartd[1158]: Device: /dev/sdc [SAT], 8 Currently unreadable (pending) sectors
Apr 12 09:05:39 black smartd[1158]: Device: /dev/sdc [SAT], 8 Offline uncorrectable sectors
Apr 12 09:09:01 black CRON[348212]: (root) CMD (  [ -x /usr/lib/php/sessionclean ] && if [ ! -d /run/systemd/system ]; then /usr/lib/php/sessionclean; fi)
Apr 12 09:09:02 black systemd[1]: Starting Clean php session files...
Apr 12 09:09:02 black systemd[1]: phpsessionclean.service: Succeeded.
Apr 12 09:09:02 black systemd[1]: Finished Clean php session files.
Apr 12 09:17:01 black CRON[348277]: (root) CMD (   cd / && run-parts --report /etc/cron.hourly)
Apr 12 09:30:01 black CRON[348284]: (root) CMD ([ -x /etc/init.d/anacron ] && if [ ! -d /run/systemd/system ]; then /usr/sbin/invoke-rc.d anacron start >/dev/null; fi)
Apr 12 09:34:52 black systemd[1]: Started Run anacron jobs.
Apr 12 09:34:52 black anacron[348286]: Anacron 2.3 started on 2022-04-12
Apr 12 09:34:52 black anacron[348286]: Normal exit (0 jobs run)
Apr 12 09:34:52 black systemd[1]: anacron.service: Succeeded.
Apr 12 09:35:39 black smartd[1158]: Device: /dev/sda [SAT], SMART Usage Attribute: 194 Temperature_Celsius changed from 70 to 71
Apr 12 09:35:39 black smartd[1158]: Device: /dev/sdc [SAT], 8 Currently unreadable (pending) sectors
Apr 12 09:35:39 black smartd[1158]: Device: /dev/sdc [SAT], 8 Offline uncorrectable sectors
Apr 12 09:39:01 black CRON[348306]: (root) CMD (  [ -x /usr/lib/php/sessionclean ] && if [ ! -d /run/systemd/system ]; then /usr/lib/php/sessionclean; fi)
Apr 12 09:39:02 black systemd[1]: Starting Clean php session files...
Apr 12 09:39:03 black systemd[1]: phpsessionclean.service: Succeeded.
Apr 12 09:39:03 black systemd[1]: Finished Clean php session files.
Apr 12 09:45:45 black snapd[6937]: storehelpers.go:721: cannot refresh: snap has no updates available: "core20", "lxd", "snapd"
Apr 12 09:45:45 black snapd[6937]: autorefresh.go:536: auto-refresh: all snaps are up-to-date
Apr 12 09:47:12 black systemd[1]: fwupd.service: Succeeded.
Apr 12 10:05:39 black smartd[1158]: Device: /dev/sdb [SAT], SMART Usage Attribute: 194 Temperature_Celsius changed from 74 to 75
Apr 12 10:05:39 black smartd[1158]: Device: /dev/sdc [SAT], 8 Currently unreadable (pending) sectors
Apr 12 10:05:39 black smartd[1158]: Device: /dev/sdc [SAT], 8 Offline uncorrectable sectors
Apr 12 10:09:01 black CRON[348399]: (root) CMD (  [ -x /usr/lib/php/sessionclean ] && if [ ! -d /run/systemd/system ]; then /usr/lib/php/sessionclean; fi)
Apr 12 10:09:03 black systemd[1]: Starting Clean php session files...
Apr 12 10:09:03 black systemd[1]: phpsessionclean.service: Succeeded.
Apr 12 10:09:03 black systemd[1]: Finished Clean php session files.
Apr 12 10:17:02 black CRON[348468]: (root) CMD (   cd / && run-parts --report /etc/cron.hourly)
Apr 12 10:30:01 black CRON[348475]: (root) CMD ([ -x /etc/init.d/anacron ] && if [ ! -d /run/systemd/system ]; then /usr/sbin/invoke-rc.d anacron start >/dev/null; fi)
Apr 12 10:32:49 black systemd[1]: Started Run anacron jobs.
Apr 12 10:32:49 black anacron[348477]: Anacron 2.3 started on 2022-04-12
Apr 12 10:32:49 black anacron[348477]: Normal exit (0 jobs run)
Apr 12 10:32:49 black systemd[1]: anacron.service: Succeeded.
Apr 12 10:35:39 black smartd[1158]: Device: /dev/sdc [SAT], 8 Currently unreadable (pending) sectors
Apr 12 10:35:39 black smartd[1158]: Device: /dev/sdc [SAT], 8 Offline uncorrectable sectors
Apr 12 10:39:01 black CRON[348500]: (root) CMD (  [ -x /usr/lib/php/sessionclean ] && if [ ! -d /run/systemd/system ]; then /usr/lib/php/sessionclean; fi)
Apr 12 10:39:03 black systemd[1]: Starting Clean php session files...
Apr 12 10:39:03 black systemd[1]: phpsessionclean.service: Succeeded.
Apr 12 10:39:03 black systemd[1]: Finished Clean php session files.
Apr 12 11:01:43 black systemd[1]: Starting Ubuntu Advantage Timer for running repeated jobs...
Apr 12 11:01:43 black systemd[1]: ua-timer.service: Succeeded.
Apr 12 11:01:43 black systemd[1]: Finished Ubuntu Advantage Timer for running repeated jobs.
Apr 12 11:05:39 black smartd[1158]: Device: /dev/sdc [SAT], 8 Currently unreadable (pending) sectors
Apr 12 11:05:39 black smartd[1158]: Device: /dev/sdc [SAT], 8 Offline uncorrectable sectors
Apr 12 11:09:01 black CRON[348599]: (root) CMD (  [ -x /usr/lib/php/sessionclean ] && if [ ! -d /run/systemd/system ]; then /usr/lib/php/sessionclean; fi)
Apr 12 11:09:03 black systemd[1]: Starting Clean php session files...
Apr 12 11:09:03 black systemd[1]: phpsessionclean.service: Succeeded.
Apr 12 11:09:03 black systemd[1]: Finished Clean php session files.
Apr 12 11:17:01 black CRON[348669]: (root) CMD (   cd / && run-parts --report /etc/cron.hourly)
Apr 12 11:30:01 black CRON[348677]: (root) CMD ([ -x /etc/init.d/anacron ] && if [ ! -d /run/systemd/system ]; then /usr/sbin/invoke-rc.d anacron start >/dev/null; fi)
Apr 12 11:34:43 black systemd[1]: Started Run anacron jobs.
Apr 12 11:34:43 black anacron[348679]: Anacron 2.3 started on 2022-04-12
Apr 12 11:34:43 black anacron[348679]: Normal exit (0 jobs run)
Apr 12 11:34:43 black systemd[1]: anacron.service: Succeeded.
Apr 12 11:35:39 black smartd[1158]: Device: /dev/sdc [SAT], 8 Currently unreadable (pending) sectors
Apr 12 11:35:39 black smartd[1158]: Device: /dev/sdc [SAT], 8 Offline uncorrectable sectors
Apr 12 11:39:01 black CRON[348699]: (root) CMD (  [ -x /usr/lib/php/sessionclean ] && if [ ! -d /run/systemd/system ]; then /usr/lib/php/sessionclean; fi)
Apr 12 11:39:03 black systemd[1]: Starting Clean php session files...
Apr 12 11:39:03 black systemd[1]: phpsessionclean.service: Succeeded.
Apr 12 11:39:03 black systemd[1]: Finished Clean php session files.
Apr 12 12:05:39 black smartd[1158]: Device: /dev/sdc [SAT], 8 Currently unreadable (pending) sectors
Apr 12 12:05:39 black smartd[1158]: Device: /dev/sdc [SAT], 8 Offline uncorrectable sectors
Apr 12 12:05:39 black smartd[1158]: Device: /dev/sdc [SAT], SMART Usage Attribute: 190 Airflow_Temperature_Cel changed from 74 to 75
Apr 12 12:05:39 black smartd[1158]: Device: /dev/sdc [SAT], SMART Usage Attribute: 194 Temperature_Celsius changed from 26 to 25
Apr 12 12:09:01 black CRON[348774]: (root) CMD (  [ -x /usr/lib/php/sessionclean ] && if [ ! -d /run/systemd/system ]; then /usr/lib/php/sessionclean; fi)
Apr 12 12:09:03 black systemd[1]: Starting Clean php session files...
Apr 12 12:09:04 black systemd[1]: phpsessionclean.service: Succeeded.
Apr 12 12:09:04 black systemd[1]: Finished Clean php session files.
Apr 12 12:17:01 black CRON[348847]: (root) CMD (   cd / && run-parts --report /etc/cron.hourly)
Apr 12 12:30:01 black CRON[348854]: (root) CMD ([ -x /etc/init.d/anacron ] && if [ ! -d /run/systemd/system ]; then /usr/sbin/invoke-rc.d anacron start >/dev/null; fi)
Apr 12 12:34:54 black systemd[1]: Started Run anacron jobs.
Apr 12 12:34:54 black anacron[348856]: Anacron 2.3 started on 2022-04-12
Apr 12 12:34:54 black anacron[348856]: Normal exit (0 jobs run)
Apr 12 12:34:54 black systemd[1]: anacron.service: Succeeded.
Apr 12 12:35:39 black smartd[1158]: Device: /dev/sda [SAT], SMART Usage Attribute: 194 Temperature_Celsius changed from 71 to 72
Apr 12 12:35:39 black smartd[1158]: Device: /dev/sdc [SAT], 8 Currently unreadable (pending) sectors
Apr 12 12:35:39 black smartd[1158]: Device: /dev/sdc [SAT], 8 Offline uncorrectable sectors
Apr 12 12:39:01 black CRON[348874]: (root) CMD (  [ -x /usr/lib/php/sessionclean ] && if [ ! -d /run/systemd/system ]; then /usr/lib/php/sessionclean; fi)
Apr 12 12:39:04 black systemd[1]: Starting Clean php session files...
Apr 12 12:39:04 black systemd[1]: phpsessionclean.service: Succeeded.
Apr 12 12:39:04 black systemd[1]: Finished Clean php session files.
Apr 12 13:05:39 black smartd[1158]: Device: /dev/sda [SAT], SMART Usage Attribute: 194 Temperature_Celsius changed from 72 to 71
Apr 12 13:05:39 black smartd[1158]: Device: /dev/sdc [SAT], 8 Currently unreadable (pending) sectors
Apr 12 13:05:39 black smartd[1158]: Device: /dev/sdc [SAT], 8 Offline uncorrectable sectors
Apr 12 13:05:39 black smartd[1158]: Device: /dev/sdc [SAT], SMART Usage Attribute: 190 Airflow_Temperature_Cel changed from 75 to 74
Apr 12 13:05:39 black smartd[1158]: Device: /dev/sdc [SAT], SMART Usage Attribute: 194 Temperature_Celsius changed from 25 to 26
Apr 12 13:09:01 black CRON[348956]: (root) CMD (  [ -x /usr/lib/php/sessionclean ] && if [ ! -d /run/systemd/system ]; then /usr/lib/php/sessionclean; fi)
Apr 12 13:09:04 black systemd[1]: Starting Clean php session files...
Apr 12 13:09:04 black systemd[1]: phpsessionclean.service: Succeeded.
Apr 12 13:09:04 black systemd[1]: Finished Clean php session files.
Apr 12 13:17:01 black CRON[349025]: (root) CMD (   cd / && run-parts --report /etc/cron.hourly)
Apr 12 13:30:01 black CRON[349032]: (root) CMD ([ -x /etc/init.d/anacron ] && if [ ! -d /run/systemd/system ]; then /usr/sbin/invoke-rc.d anacron start >/dev/null; fi)
Apr 12 13:34:34 black systemd[1]: Started Run anacron jobs.
Apr 12 13:34:34 black anacron[349033]: Anacron 2.3 started on 2022-04-12
Apr 12 13:34:34 black anacron[349033]: Normal exit (0 jobs run)
Apr 12 13:34:34 black systemd[1]: anacron.service: Succeeded.
Apr 12 13:35:39 black smartd[1158]: Device: /dev/sdc [SAT], 8 Currently unreadable (pending) sectors
Apr 12 13:35:39 black smartd[1158]: Device: /dev/sdc [SAT], 8 Offline uncorrectable sectors
Apr 12 13:35:39 black smartd[1158]: Device: /dev/sdc [SAT], SMART Usage Attribute: 190 Airflow_Temperature_Cel changed from 74 to 75
Apr 12 13:35:39 black smartd[1158]: Device: /dev/sdc [SAT], SMART Usage Attribute: 194 Temperature_Celsius changed from 26 to 25
Apr 12 13:39:01 black CRON[349054]: (root) CMD (  [ -x /usr/lib/php/sessionclean ] && if [ ! -d /run/systemd/system ]; then /usr/lib/php/sessionclean; fi)
Apr 12 13:39:04 black systemd[1]: Starting Clean php session files...
Apr 12 13:39:04 black systemd[1]: phpsessionclean.service: Succeeded.
Apr 12 13:39:04 black systemd[1]: Finished Clean php session files.
Apr 12 14:05:39 black smartd[1158]: Device: /dev/sdc [SAT], 8 Currently unreadable (pending) sectors
Apr 12 14:05:39 black smartd[1158]: Device: /dev/sdc [SAT], 8 Offline uncorrectable sectors
Apr 12 14:05:39 black smartd[1158]: Device: /dev/sdc [SAT], SMART Usage Attribute: 190 Airflow_Temperature_Cel changed from 75 to 74
Apr 12 14:05:39 black smartd[1158]: Device: /dev/sdc [SAT], SMART Usage Attribute: 194 Temperature_Celsius changed from 25 to 26
Apr 12 14:09:01 black CRON[349131]: (root) CMD (  [ -x /usr/lib/php/sessionclean ] && if [ ! -d /run/systemd/system ]; then /usr/lib/php/sessionclean; fi)
Apr 12 14:09:04 black systemd[1]: Starting Clean php session files...
Apr 12 14:09:04 black systemd[1]: phpsessionclean.service: Succeeded.
Apr 12 14:09:04 black systemd[1]: Finished Clean php session files.
Apr 12 14:17:01 black CRON[349207]: (root) CMD (   cd / && run-parts --report /etc/cron.hourly)
Apr 12 14:30:01 black CRON[349214]: (root) CMD ([ -x /etc/init.d/anacron ] && if [ ! -d /run/systemd/system ]; then /usr/sbin/invoke-rc.d anacron start >/dev/null; fi)
Apr 12 14:30:04 black systemd[1]: Started Run anacron jobs.
Apr 12 14:30:04 black anacron[349215]: Anacron 2.3 started on 2022-04-12
Apr 12 14:30:04 black systemd[1]: anacron.service: Succeeded.
Apr 12 14:30:04 black anacron[349215]: Normal exit (0 jobs run)
Apr 12 14:35:39 black smartd[1158]: Device: /dev/sdc [SAT], 8 Currently unreadable (pending) sectors
Apr 12 14:35:39 black smartd[1158]: Device: /dev/sdc [SAT], 8 Offline uncorrectable sectors
Apr 12 14:36:48 black systemd[1]: Starting Message of the Day...
Apr 12 14:36:49 black 50-motd-news[349282]:  * Super-optimized for small spaces - read how we shrank the memory
Apr 12 14:36:49 black 50-motd-news[349282]:    footprint of MicroK8s to make it the smallest full K8s around.
Apr 12 14:36:49 black 50-motd-news[349282]:    https://ubuntu.com/blog/microk8s-memory-optimisation
Apr 12 14:36:49 black systemd[1]: motd-news.service: Succeeded.
Apr 12 14:36:49 black systemd[1]: Finished Message of the Day.
Apr 12 14:39:01 black CRON[349292]: (root) CMD (  [ -x /usr/lib/php/sessionclean ] && if [ ! -d /run/systemd/system ]; then /usr/lib/php/sessionclean; fi)
Apr 12 14:39:04 black systemd[1]: Starting Clean php session files...
Apr 12 14:39:05 black systemd[1]: phpsessionclean.service: Succeeded.
Apr 12 14:39:05 black systemd[1]: Finished Clean php session files.
Apr 12 14:40:44 black snapd[6937]: storehelpers.go:721: cannot refresh: snap has no updates available: "core20", "lxd", "snapd"
Apr 12 14:40:44 black snapd[6937]: autorefresh.go:536: auto-refresh: all snaps are up-to-date
Apr 12 14:59:16 black systemd[1]: Started Session 471 of user wez.
Apr 12 15:05:39 black smartd[1158]: Device: /dev/sdc [SAT], 8 Currently unreadable (pending) sectors
Apr 12 15:05:39 black smartd[1158]: Device: /dev/sdc [SAT], 8 Offline uncorrectable sectors
Apr 12 15:09:01 black CRON[349513]: (root) CMD (  [ -x /usr/lib/php/sessionclean ] && if [ ! -d /run/systemd/system ]; then /usr/lib/php/sessionclean; fi)
Apr 12 15:09:05 black systemd[1]: Starting Clean php session files...
Apr 12 15:09:05 black systemd[1]: phpsessionclean.service: Succeeded.
Apr 12 15:09:05 black systemd[1]: Finished Clean php session files.
Apr 12 15:17:01 black CRON[349585]: (root) CMD (   cd / && run-parts --report /etc/cron.hourly)
Apr 12 15:30:01 black CRON[349591]: (root) CMD ([ -x /etc/init.d/anacron ] && if [ ! -d /run/systemd/system ]; then /usr/sbin/invoke-rc.d anacron start >/dev/null; fi)
Apr 12 15:32:23 black systemd[1]: Started Run anacron jobs.
Apr 12 15:32:23 black anacron[349593]: Anacron 2.3 started on 2022-04-12
Apr 12 15:32:23 black anacron[349593]: Normal exit (0 jobs run)
Apr 12 15:32:23 black systemd[1]: anacron.service: Succeeded.
Apr 12 15:35:39 black smartd[1158]: Device: /dev/sdc [SAT], 8 Currently unreadable (pending) sectors
Apr 12 15:35:39 black smartd[1158]: Device: /dev/sdc [SAT], 8 Offline uncorrectable sectors
Apr 12 15:39:01 black CRON[349656]: (root) CMD (  [ -x /usr/lib/php/sessionclean ] && if [ ! -d /run/systemd/system ]; then /usr/lib/php/sessionclean; fi)
Apr 12 15:39:05 black systemd[1]: Starting Clean php session files...
Apr 12 15:39:05 black systemd[1]: phpsessionclean.service: Succeeded.
Apr 12 15:39:05 black systemd[1]: Finished Clean php session files.
Apr 12 16:05:39 black smartd[1158]: Device: /dev/sdc [SAT], 8 Currently unreadable (pending) sectors
Apr 12 16:05:39 black smartd[1158]: Device: /dev/sdc [SAT], 8 Offline uncorrectable sectors
Apr 12 16:09:01 black CRON[349773]: (root) CMD (  [ -x /usr/lib/php/sessionclean ] && if [ ! -d /run/systemd/system ]; then /usr/lib/php/sessionclean; fi)
Apr 12 16:09:05 black systemd[1]: Starting Clean php session files...
Apr 12 16:09:05 black systemd[1]: phpsessionclean.service: Succeeded.
Apr 12 16:09:05 black systemd[1]: Finished Clean php session files.
Apr 12 16:17:01 black CRON[349844]: (root) CMD (   cd / && run-parts --report /etc/cron.hourly)
Apr 12 16:30:01 black CRON[349852]: (root) CMD ([ -x /etc/init.d/anacron ] && if [ ! -d /run/systemd/system ]; then /usr/sbin/invoke-rc.d anacron start >/dev/null; fi)
Apr 12 16:32:05 black systemd[1]: Started Run anacron jobs.
Apr 12 16:32:05 black anacron[349853]: Anacron 2.3 started on 2022-04-12
Apr 12 16:32:05 black anacron[349853]: Normal exit (0 jobs run)
Apr 12 16:32:05 black systemd[1]: anacron.service: Succeeded.
Apr 12 16:35:39 black smartd[1158]: Device: /dev/sdc [SAT], 8 Currently unreadable (pending) sectors
Apr 12 16:35:39 black smartd[1158]: Device: /dev/sdc [SAT], 8 Offline uncorrectable sectors
Apr 12 16:37:33 black dbus-daemon[1134]: [system] Activating via systemd: service name='org.freedesktop.PackageKit' unit='packagekit.service' requested by ':1.347' (uid=0 pid=350155 comm="/usr/bin/gdbus call --system --dest org.freedeskto" label="unconfined")
Apr 12 16:37:33 black systemd[1]: Starting PackageKit Daemon...
Apr 12 16:37:33 black PackageKit: daemon start
Apr 12 16:37:33 black dbus-daemon[1134]: [system] Successfully activated service 'org.freedesktop.PackageKit'
Apr 12 16:37:33 black systemd[1]: Started PackageKit Daemon.
Apr 12 16:39:01 black CRON[350208]: (root) CMD (  [ -x /usr/lib/php/sessionclean ] && if [ ! -d /run/systemd/system ]; then /usr/lib/php/sessionclean; fi)
Apr 12 16:39:05 black systemd[1]: Starting Clean php session files...
Apr 12 16:39:05 black systemd[1]: phpsessionclean.service: Succeeded.
Apr 12 16:39:05 black systemd[1]: Finished Clean php session files.
Apr 12 16:42:38 black PackageKit: daemon quit
Apr 12 16:42:38 black systemd[1]: packagekit.service: Succeeded.
Apr 12 17:05:39 black smartd[1158]: Device: /dev/sdb [SAT], SMART Usage Attribute: 194 Temperature_Celsius changed from 75 to 74
Apr 12 17:05:39 black smartd[1158]: Device: /dev/sdc [SAT], 8 Currently unreadable (pending) sectors
Apr 12 17:05:39 black smartd[1158]: Sending warning via /usr/share/smartmontools/smartd-runner to root ...
Apr 12 17:05:39 black smartd[1158]: Warning via /usr/share/smartmontools/smartd-runner to root produced unexpected output (183 bytes) to STDOUT/STDERR: 
Apr 12 17:05:39 black smartd[1158]: /etc/smartmontools/run.d/10mail:
Apr 12 17:05:39 black smartd[1158]: Your system does not have /usr/bin/mail.  Install the mailx or mailutils package
Apr 12 17:05:39 black smartd[1158]: run-parts: /etc/smartmontools/run.d/10mail exited with return code 1
Apr 12 17:05:39 black smartd[1158]: Warning via /usr/share/smartmontools/smartd-runner to root: failed (32-bit/8-bit exit status: 256/1)
Apr 12 17:05:39 black smartd[1158]: Device: /dev/sdc [SAT], 8 Offline uncorrectable sectors
Apr 12 17:05:39 black smartd[1158]: Sending warning via /usr/share/smartmontools/smartd-runner to root ...
Apr 12 17:05:39 black smartd[1158]: Warning via /usr/share/smartmontools/smartd-runner to root produced unexpected output (183 bytes) to STDOUT/STDERR: 
Apr 12 17:05:39 black smartd[1158]: /etc/smartmontools/run.d/10mail:
Apr 12 17:05:39 black smartd[1158]: Your system does not have /usr/bin/mail.  Install the mailx or mailutils package
Apr 12 17:05:39 black smartd[1158]: run-parts: /etc/smartmontools/run.d/10mail exited with return code 1
Apr 12 17:05:39 black smartd[1158]: Warning via /usr/share/smartmontools/smartd-runner to root: failed (32-bit/8-bit exit status: 256/1)
Apr 12 17:09:01 black CRON[350378]: (root) CMD (  [ -x /usr/lib/php/sessionclean ] && if [ ! -d /run/systemd/system ]; then /usr/lib/php/sessionclean; fi)
Apr 12 17:09:05 black systemd[1]: Starting Clean php session files...
Apr 12 17:09:06 black systemd[1]: phpsessionclean.service: Succeeded.
Apr 12 17:09:06 black systemd[1]: Finished Clean php session files.
Apr 12 17:17:01 black CRON[350451]: (root) CMD (   cd / && run-parts --report /etc/cron.hourly)
Apr 12 17:18:45 black systemd[1]: Starting Cleanup of Temporary Directories...
Apr 12 17:18:46 black systemd[1]: systemd-tmpfiles-clean.service: Succeeded.
Apr 12 17:18:46 black systemd[1]: Finished Cleanup of Temporary Directories.
Apr 12 17:30:01 black CRON[350479]: (root) CMD ([ -x /etc/init.d/anacron ] && if [ ! -d /run/systemd/system ]; then /usr/sbin/invoke-rc.d anacron start >/dev/null; fi)
Apr 12 17:34:16 black systemd[1]: Started Run anacron jobs.
Apr 12 17:34:16 black anacron[350482]: Anacron 2.3 started on 2022-04-12
Apr 12 17:34:16 black anacron[350482]: Normal exit (0 jobs run)
Apr 12 17:34:16 black systemd[1]: anacron.service: Succeeded.
Apr 12 17:35:39 black smartd[1158]: Device: /dev/sdc [SAT], 8 Currently unreadable (pending) sectors
Apr 12 17:35:39 black smartd[1158]: Device: /dev/sdc [SAT], 8 Offline uncorrectable sectors
Apr 12 17:39:01 black CRON[350503]: (root) CMD (  [ -x /usr/lib/php/sessionclean ] && if [ ! -d /run/systemd/system ]; then /usr/lib/php/sessionclean; fi)
Apr 12 17:39:06 black systemd[1]: Starting Clean php session files...
Apr 12 17:39:06 black systemd[1]: phpsessionclean.service: Succeeded.
Apr 12 17:39:06 black systemd[1]: Finished Clean php session files.
Apr 12 17:48:56 black systemd[1]: Starting Ubuntu Advantage Timer for running repeated jobs...
Apr 12 17:48:56 black systemd[1]: ua-timer.service: Succeeded.
Apr 12 17:48:56 black systemd[1]: Finished Ubuntu Advantage Timer for running repeated jobs.
Apr 12 18:05:39 black smartd[1158]: Device: /dev/sda [SAT], SMART Usage Attribute: 194 Temperature_Celsius changed from 71 to 70
Apr 12 18:05:39 black smartd[1158]: Device: /dev/sdc [SAT], 8 Currently unreadable (pending) sectors
Apr 12 18:05:39 black smartd[1158]: Device: /dev/sdc [SAT], 8 Offline uncorrectable sectors
Apr 12 18:09:01 black CRON[350605]: (root) CMD (  [ -x /usr/lib/php/sessionclean ] && if [ ! -d /run/systemd/system ]; then /usr/lib/php/sessionclean; fi)
Apr 12 18:09:06 black systemd[1]: Starting Clean php session files...
Apr 12 18:09:06 black systemd[1]: phpsessionclean.service: Succeeded.
Apr 12 18:09:06 black systemd[1]: Finished Clean php session files.
Apr 12 18:17:01 black CRON[350675]: (root) CMD (   cd / && run-parts --report /etc/cron.hourly)
Apr 12 18:24:22 black systemd[1]: Stopping A high performance web server and a reverse proxy server...
Apr 12 18:24:22 black systemd[1]: nginx.service: Succeeded.
Apr 12 18:24:22 black systemd[1]: Stopped A high performance web server and a reverse proxy server.
Apr 12 18:24:22 black systemd[1]: Starting A high performance web server and a reverse proxy server...
Apr 12 18:24:22 black systemd[1]: Started A high performance web server and a reverse proxy server.
Apr 12 18:30:01 black CRON[350722]: (root) CMD ([ -x /etc/init.d/anacron ] && if [ ! -d /run/systemd/system ]; then /usr/sbin/invoke-rc.d anacron start >/dev/null; fi)
Apr 12 18:33:02 black systemd[1]: Stopping A high performance web server and a reverse proxy server...
Apr 12 18:33:02 black systemd[1]: nginx.service: Succeeded.
Apr 12 18:33:02 black systemd[1]: Stopped A high performance web server and a reverse proxy server.
Apr 12 18:33:02 black systemd[1]: Starting A high performance web server and a reverse proxy server...
Apr 12 18:33:02 black systemd[1]: Started A high performance web server and a reverse proxy server.
Apr 12 18:33:44 black systemd[1]: Started Run anacron jobs.
Apr 12 18:33:44 black anacron[350959]: Anacron 2.3 started on 2022-04-12
Apr 12 18:33:44 black anacron[350959]: Normal exit (0 jobs run)
Apr 12 18:33:44 black systemd[1]: anacron.service: Succeeded.
Apr 12 18:35:39 black smartd[1158]: Device: /dev/sdc [SAT], 8 Currently unreadable (pending) sectors
Apr 12 18:35:39 black smartd[1158]: Device: /dev/sdc [SAT], 8 Offline uncorrectable sectors
Apr 12 18:35:39 black smartd[1158]: Device: /dev/sdc [SAT], SMART Usage Attribute: 190 Airflow_Temperature_Cel changed from 74 to 73
Apr 12 18:35:39 black smartd[1158]: Device: /dev/sdc [SAT], SMART Usage Attribute: 194 Temperature_Celsius changed from 26 to 27
Apr 12 18:37:30 black systemd[1]: Started Session 487 of user wez.
Apr 12 18:39:01 black CRON[352652]: (root) CMD (  [ -x /usr/lib/php/sessionclean ] && if [ ! -d /run/systemd/system ]; then /usr/lib/php/sessionclean; fi)
Apr 12 18:39:04 black systemd[1]: Starting Clean php session files...
Apr 12 18:39:04 black systemd[1]: phpsessionclean.service: Succeeded.
Apr 12 18:39:04 black systemd[1]: Finished Clean php session files.
Apr 12 18:39:46 black systemd[1]: Starting Daily apt download activities...
Apr 12 18:40:16 black apt-helper[353028]: E: Sub-process nm-online returned an error code (1)
Apr 12 18:40:17 black systemd[1]: apt-daily.service: Succeeded.
Apr 12 18:40:17 black systemd[1]: Finished Daily apt download activities.
Apr 12 18:55:32 black systemd[1]: Stopping A high performance web server and a reverse proxy server...
Apr 12 18:55:32 black systemd[1]: nginx.service: Succeeded.
Apr 12 18:55:32 black systemd[1]: Stopped A high performance web server and a reverse proxy server.
Apr 12 18:55:32 black systemd[1]: Starting A high performance web server and a reverse proxy server...
Apr 12 18:55:32 black systemd[1]: Started A high performance web server and a reverse proxy server.
Apr 12 19:02:50 black systemd[1]: Stopping Session 27 of user wez.
Apr 12 19:02:50 black systemd[1]: Stopping Session 471 of user wez.
Apr 12 19:02:50 black systemd[1]: Stopping Session 487 of user wez.
Apr 12 19:02:50 black systemd[1]: Stopping Session c2 of user gdm.
Apr 12 19:02:50 black systemd[1]: Removed slice system-getty.slice.
Apr 12 19:02:50 black systemd[1]: Removed slice system-modprobe.slice.
Apr 12 19:02:50 black systemd[1]: Stopped target Cloud-init target.
Apr 12 19:02:50 black systemd[1]: Stopped target Graphical Interface.
Apr 12 19:02:50 black systemd[1]: Stopped target Sound Card.
Apr 12 19:02:50 black systemd[1]: Stopped target Timers.
Apr 12 19:02:50 black systemd[1]: anacron.timer: Succeeded.
Apr 12 19:02:50 black systemd[1]: Stopped Trigger anacron every hour.
Apr 12 19:02:50 black systemd[1]: apt-daily-upgrade.timer: Succeeded.
Apr 12 19:02:50 black systemd[1]: Stopped Daily apt upgrade and clean activities.
Apr 12 19:02:50 black systemd[1]: apt-daily.timer: Succeeded.
Apr 12 19:02:50 black systemd[1]: Stopped Daily apt download activities.
Apr 12 19:02:50 black systemd[1]: e2scrub_all.timer: Succeeded.
Apr 12 19:02:50 black systemd[1]: Stopped Periodic ext4 Online Metadata Check for All Filesystems.
Apr 12 19:02:50 black systemd[1]: fstrim.timer: Succeeded.
Apr 12 19:02:50 black systemd[1]: Stopped Discard unused blocks once a week.
Apr 12 19:02:50 black systemd[1]: fwupd-refresh.timer: Succeeded.
Apr 12 19:02:50 black systemd[1]: Stopped Refresh fwupd metadata regularly.
Apr 12 19:02:50 black systemd[1]: logrotate.timer: Succeeded.
Apr 12 19:02:50 black systemd[1]: Stopped Daily rotation of log files.
Apr 12 19:02:50 black systemd[1]: man-db.timer: Succeeded.
Apr 12 19:02:50 black systemd[1]: Stopped Daily man-db regeneration.
Apr 12 19:02:50 black systemd[1]: motd-news.timer: Succeeded.
Apr 12 19:02:50 black systemd[1]: Stopped Message of the Day.
Apr 12 19:02:50 black systemd[1]: phpsessionclean.timer: Succeeded.
Apr 12 19:02:50 black systemd[1]: Stopped Clean PHP session files every 30 mins.
Apr 12 19:02:50 black systemd[1]: systemd-tmpfiles-clean.timer: Succeeded.
Apr 12 19:02:50 black systemd[1]: Stopped Daily Cleanup of Temporary Directories.
Apr 12 19:02:50 black systemd[1]: ua-timer.timer: Succeeded.
Apr 12 19:02:50 black systemd[1]: Stopped Ubuntu Advantage Timer for running repeated jobs.
Apr 12 19:02:50 black systemd[1]: lvm2-lvmpolld.socket: Succeeded.
Apr 12 19:02:50 black systemd[1]: Closed LVM2 poll daemon socket.
Apr 12 19:02:50 black systemd[1]: systemd-rfkill.socket: Succeeded.
Apr 12 19:02:50 black systemd[1]: Closed Load/Save RF Kill Switch Status /dev/rfkill Watch.
Apr 12 19:02:50 black systemd[1]: Stopping Accounts Service...
Apr 12 19:02:50 black systemd[1]: Stopping ACPI event daemon...
Apr 12 19:02:50 black systemd[1]: Stopping Save/Restore Sound Card State...
Apr 12 19:02:50 black kernel: [525573.368226] rfkill: input handler enabled
Apr 12 19:02:50 black ModemManager[1242]: <info>  caught signal, shutting down...
Apr 12 19:02:50 black systemd[1]: Stopping Availability of block devices...
Apr 12 19:02:50 black gdm3: Tried to look up non-existent conversation gdm-launch-environment
Apr 12 19:02:50 black systemd[1]: cloud-final.service: Succeeded.
Apr 12 19:02:50 black gdm3: GdmDisplay: Session never registered, failing
Apr 12 19:02:50 black systemd[1]: Stopped Execute cloud user/final scripts.
Apr 12 19:02:50 black systemd[1]: Stopped target Multi-User System.
Apr 12 19:02:50 black systemd[1]: Stopped target Login Prompts.
Apr 12 19:02:50 black systemd[1]: Stopped target Containers.
Apr 12 19:02:50 black systemd[1]: Stopped target ZFS startup target.
Apr 12 19:02:50 black systemd[1]: Stopped target ZFS pool import target.
Apr 12 19:02:50 black systemd[1]: Stopped target ZFS volumes are ready.
Apr 12 19:02:50 black systemd[1]: Stopping Modem Manager...
Apr 12 19:02:50 black systemd[1]: Stopping LSB: automatic crash report generation...
Apr 12 19:02:50 black systemd[1]: Stopping Deferred execution scheduler...
Apr 12 19:02:50 black systemd[1]: cloud-config.service: Succeeded.
Apr 12 19:02:50 black systemd[1]: Stopped Apply the settings specified in cloud-config.
Apr 12 19:02:50 black systemd[1]: Stopped target Cloud-config availability.
Apr 12 19:02:50 black systemd[1]: Stopping Manage, Install and Generate Color Profiles...
Apr 12 19:02:50 black systemd[1]: Stopping Regular background program processing daemon...
Apr 12 19:02:50 black systemd[1]: Stopping Make remote CUPS printers available locally...
Apr 12 19:02:50 black systemd[1]: Stopping Create final runtime dir for shutdown pivot root...
Apr 12 19:02:50 black systemd[1]: Stopping GNOME Display Manager...
Apr 12 19:02:50 black systemd[1]: Stopping LSB: disk temperature monitoring daemon...
Apr 12 19:02:50 black systemd[1]: Stopping irqbalance daemon...
Apr 12 19:02:50 black systemd[1]: Stopping Tool to automatically collect and submit kernel crash signatures...
Apr 12 19:02:50 black systemd[1]: Stopping Suspend/Resume Running libvirt Guests...
Apr 12 19:02:50 black systemd[1]: lm-sensors.service: Succeeded.
Apr 12 19:02:50 black systemd[1]: Stopped Initialize hardware monitoring sensors.
Apr 12 19:02:50 black systemd[1]: Stopping LVM event activation on device 8:19...
Apr 12 19:02:50 black systemd[1]: Stopping Dispatcher daemon for systemd-networkd...
Apr 12 19:02:50 black systemd[1]: Stopping A high performance web server and a reverse proxy server...
Apr 12 19:02:50 black systemd[1]: Stopping The PHP 7.4 FastCGI Process Manager...
Apr 12 19:02:50 black systemd[1]: qemu-kvm.service: Succeeded.
Apr 12 19:02:50 black systemd[1]: Stopped QEMU KVM preparation - module, ksm, hugepages.
Apr 12 19:02:50 black systemd[1]: Stopping System Logging Service...
Apr 12 19:03:37 black systemd-modules-load[415]: Inserted module 'lp'
Apr 12 19:03:37 black systemd-modules-load[415]: Inserted module 'ppdev'
Apr 12 19:03:37 black systemd-modules-load[415]: Inserted module 'parport_pc'
Apr 12 19:03:37 black systemd-modules-load[415]: Inserted module 'msr'
Apr 12 19:03:37 black kernel: [    0.000000] Linux version 5.4.0-107-generic (buildd@lcy02-amd64-058) (gcc version 9.4.0 (Ubuntu 9.4.0-1ubuntu1~20.04.1)) #121-Ubuntu SMP Thu Mar 24 16:04:27 UTC 2022 (Ubuntu 5.4.0-107.121-generic 5.4.174)
Apr 12 19:03:37 black kernel: [    0.000000] Command line: BOOT_IMAGE=/vmlinuz-5.4.0-107-generic root=/dev/mapper/ubuntu--vg-ubuntu--lv ro maybe-ubiquity
Apr 12 19:03:37 black kernel: [    0.000000] KERNEL supported cpus:
Apr 12 19:03:37 black kernel: [    0.000000]   Intel GenuineIntel
Apr 12 19:03:37 black kernel: [    0.000000]   AMD AuthenticAMD
Apr 12 19:03:37 black kernel: [    0.000000]   Hygon HygonGenuine
Apr 12 19:03:37 black kernel: [    0.000000]   Centaur CentaurHauls
Apr 12 19:03:37 black kernel: [    0.000000]   zhaoxin   Shanghai  
Apr 12 19:03:37 black kernel: [    0.000000] x86/fpu: x87 FPU will use FXSAVE
Apr 12 19:03:37 black kernel: [    0.000000] BIOS-provided physical RAM map:
Apr 12 19:03:37 black kernel: [    0.000000] BIOS-e820: [mem 0x0000000000000000-0x000000000009ebff] usable
Apr 12 19:03:37 black kernel: [    0.000000] BIOS-e820: [mem 0x000000000009ec00-0x000000000009ffff] reserved
Apr 12 19:03:37 black kernel: [    0.000000] BIOS-e820: [mem 0x00000000000e0000-0x00000000000fffff] reserved
Apr 12 19:03:37 black kernel: [    0.000000] BIOS-e820: [mem 0x0000000000100000-0x00000000bf0cbfff] usable
Apr 12 19:03:37 black kernel: [    0.000000] BIOS-e820: [mem 0x00000000bf0cc000-0x00000000bf154fff] ACPI NVS
Apr 12 19:03:37 black kernel: [    0.000000] BIOS-e820: [mem 0x00000000bf155000-0x00000000bf159fff] reserved
Apr 12 19:03:37 black kernel: [    0.000000] BIOS-e820: [mem 0x00000000bf15a000-0x00000000bf15afff] ACPI NVS
Apr 12 19:03:37 black kernel: [    0.000000] BIOS-e820: [mem 0x00000000bf15b000-0x00000000bf2adfff] reserved
Apr 12 19:03:37 black kernel: [    0.000000] BIOS-e820: [mem 0x00000000bf2ae000-0x00000000bf2aefff] ACPI NVS
Apr 12 19:03:37 black kernel: [    0.000000] BIOS-e820: [mem 0x00000000bf2af000-0x00000000bf2befff] reserved
Apr 12 19:03:37 black kernel: [    0.000000] BIOS-e820: [mem 0x00000000bf2bf000-0x00000000bf2bffff] ACPI NVS
Apr 12 19:03:37 black kernel: [    0.000000] BIOS-e820: [mem 0x00000000bf2c0000-0x00000000bf2c6fff] ACPI data
Apr 12 19:03:37 black kernel: [    0.000000] BIOS-e820: [mem 0x00000000bf2c7000-0x00000000bf2ccfff] ACPI NVS
Apr 12 19:03:37 black kernel: [    0.000000] BIOS-e820: [mem 0x00000000bf2cd000-0x00000000bf2f3fff] reserved
Apr 12 19:03:37 black kernel: [    0.000000] BIOS-e820: [mem 0x00000000bf2f4000-0x00000000bf4f6fff] ACPI NVS
Apr 12 19:03:37 black kernel: [    0.000000] BIOS-e820: [mem 0x00000000bf4f7000-0x00000000bf780fff] usable
Apr 12 19:03:37 black kernel: [    0.000000] BIOS-e820: [mem 0x00000000bf781000-0x00000000bfef2fff] reserved
Apr 12 19:03:37 black kernel: [    0.000000] BIOS-e820: [mem 0x00000000bfef3000-0x00000000bfefffff] usable
Apr 12 19:03:37 black kernel: [    0.000000] BIOS-e820: [mem 0x00000000fec00000-0x00000000fec00fff] reserved
Apr 12 19:03:37 black kernel: [    0.000000] BIOS-e820: [mem 0x00000000fec10000-0x00000000fec10fff] reserved
Apr 12 19:03:37 black kernel: [    0.000000] BIOS-e820: [mem 0x00000000fec20000-0x00000000fec20fff] reserved
Apr 12 19:03:37 black kernel: [    0.000000] BIOS-e820: [mem 0x00000000fed00000-0x00000000fed00fff] reserved
Apr 12 19:03:37 black kernel: [    0.000000] BIOS-e820: [mem 0x00000000fed61000-0x00000000fed70fff] reserved
Apr 12 19:03:37 black kernel: [    0.000000] BIOS-e820: [mem 0x00000000fed80000-0x00000000fed8ffff] reserved
Apr 12 19:03:37 black kernel: [    0.000000] BIOS-e820: [mem 0x00000000fef00000-0x00000000ffffffff] reserved
Apr 12 19:03:37 black kernel: [    0.000000] BIOS-e820: [mem 0x0000000100001000-0x000000043fffffff] usable
Apr 12 19:03:37 black kernel: [    0.000000] NX (Execute Disable) protection: active
Apr 12 19:03:37 black kernel: [    0.000000] SMBIOS 2.7 present.
Apr 12 19:03:37 black kernel: [    0.000000] DMI: MSI MS-7693/970A-G46 (MS-7693), BIOS V1.11 10/31/2012
Apr 12 19:03:37 black kernel: [    0.000000] tsc: Fast TSC calibration using PIT
Apr 12 19:03:37 black kernel: [    0.000000] tsc: Detected 3400.060 MHz processor
Apr 12 19:03:37 black kernel: [    0.003817] e820: update [mem 0x00000000-0x00000fff] usable ==> reserved
Apr 12 19:03:37 black kernel: [    0.003818] e820: remove [mem 0x000a0000-0x000fffff] usable
Apr 12 19:03:37 black kernel: [    0.009677] AGP: No AGP bridge found
Apr 12 19:03:37 black kernel: [    0.009732] last_pfn = 0x440000 max_arch_pfn = 0x400000000
Apr 12 19:03:37 black kernel: [    0.009735] MTRR default type: uncachable
Apr 12 19:03:37 black kernel: [    0.009737] MTRR fixed ranges enabled:
Apr 12 19:03:37 black kernel: [    0.009738]   00000-9FFFF write-back
Apr 12 19:03:37 black kernel: [    0.009739]   A0000-BFFFF write-through
Apr 12 19:03:37 black kernel: [    0.009740]   C0000-CFFFF write-protect
Apr 12 19:03:37 black kernel: [    0.009740]   D0000-EBFFF uncachable
Apr 12 19:03:37 black kernel: [    0.009741]   EC000-FFFFF write-protect
Apr 12 19:03:37 black kernel: [    0.009741] MTRR variable ranges enabled:
Apr 12 19:03:37 black kernel: [    0.009743]   0 base 000000000000 mask FFFF80000000 write-back
Apr 12 19:03:37 black kernel: [    0.009744]   1 base 000080000000 mask FFFFC0000000 write-back
Apr 12 19:03:37 black kernel: [    0.009745]   2 base 0000BFF00000 mask FFFFFFF00000 uncachable
Apr 12 19:03:37 black kernel: [    0.009746]   3 disabled
Apr 12 19:03:37 black kernel: [    0.009746]   4 disabled
Apr 12 19:03:37 black lvm[412]:   1 logical volume(s) in volume group "ubuntu-vg" monitored
Apr 12 19:03:37 black systemd[1]: Starting Flush Journal to Persistent Storage...
Apr 12 19:03:37 black systemd-modules-load[415]: Inserted module 'ipmi_devintf'
Apr 12 19:03:37 black systemd[1]: Finished Load Kernel Modules.
Apr 12 19:03:37 black systemd[1]: Mounting FUSE Control File System...
Apr 12 19:03:37 black systemd[1]: Mounting Kernel Configuration File System...
Apr 12 19:03:37 black systemd[1]: Starting Apply Kernel Variables...
Apr 12 19:03:37 black systemd[1]: Mounted FUSE Control File System.
Apr 12 19:03:37 black systemd[1]: Mounted Kernel Configuration File System.
Apr 12 19:03:37 black systemd-sysctl[445]: Not setting net/ipv4/conf/all/promote_secondaries (explicit setting exists).
Apr 12 19:03:37 black systemd-sysctl[445]: Not setting net/ipv4/conf/default/promote_secondaries (explicit setting exists).
Apr 12 19:03:37 black systemd[1]: Finished Apply Kernel Variables.
Apr 12 19:03:37 black systemd[1]: Finished Set the console keyboard layout.
Apr 12 19:03:37 black systemd[1]: Activated swap /swap.img.
Apr 12 19:03:37 black systemd[1]: Reached target Swap.
Apr 12 19:03:37 black systemd[1]: Finished Flush Journal to Persistent Storage.
Apr 12 19:03:37 black systemd[1]: Started udev Kernel Device Manager.
Apr 12 19:03:37 black systemd[1]: Condition check resulted in Show Plymouth Boot Screen being skipped.
Apr 12 19:03:37 black systemd[1]: Started Dispatch Password Requests to Console Directory Watch.
Apr 12 19:03:37 black systemd[1]: Condition check resulted in Forward Password Requests to Plymouth Directory Watch being skipped.
Apr 12 19:03:37 black systemd[1]: Reached target Local Encrypted Volumes.
Apr 12 19:03:37 black multipath: nvme0n1: failed to get udev uid: Invalid argument
Apr 12 19:03:37 black multipath: nvme0n1: uid = eui.0025385711403506 (sysfs)
Apr 12 19:03:37 black systemd-udevd[460]: Using default interface naming scheme 'v245'.
Apr 12 19:03:37 black systemd-udevd[460]: ethtool: autonegotiation is unset or enabled, the speed and duplex are not writable.
Apr 12 19:03:37 black systemd[1]: Listening on Load/Save RF Kill Switch Status /dev/rfkill Watch.
Apr 12 19:03:37 black systemd-udevd[465]: ethtool: autonegotiation is unset or enabled, the speed and duplex are not writable.
Apr 12 19:03:37 black udevadm[439]: systemd-udev-settle.service is deprecated.
Apr 12 19:03:37 black systemd[1]: Condition check resulted in OpenVSwitch configuration for cleanup being skipped.
Apr 12 19:03:37 black systemd[1]: Condition check resulted in Show Plymouth Boot Screen being skipped.
Apr 12 19:03:37 black systemd[1]: Condition check resulted in Forward Password Requests to Plymouth Directory Watch being skipped.
Apr 12 19:03:37 black systemd[1]: Condition check resulted in Set Up Additional Binary Formats being skipped.
Apr 12 19:03:37 black systemd[1]: Condition check resulted in File System Check on Root Device being skipped.
Apr 12 19:03:37 black systemd[1]: Condition check resulted in Rebuild Hardware Database being skipped.
Apr 12 19:03:37 black systemd[1]: Condition check resulted in Platform Persistent Storage Archival being skipped.
Apr 12 19:03:37 black systemd[1]: Found device Crucial_CT512MX1 2.
Apr 12 19:03:37 black systemd[1]: Created slice system-lvm2\x2dpvscan.slice.
Apr 12 19:03:37 black systemd[1]: Starting LVM event activation on device 8:19...
Apr 12 19:03:37 black lvm[710]:   pvscan[710] PV /dev/sdb3 online, VG ubuntu-vg is complete.
Apr 12 19:03:37 black lvm[710]:   pvscan[710] VG ubuntu-vg skip autoactivation.
Apr 12 19:03:37 black systemd[1]: Finished LVM event activation on device 8:19.
Apr 12 19:03:37 black systemd[1]: Finished udev Wait for Complete Device Initialization.
Apr 12 19:03:37 black systemd[1]: Starting Device-Mapper Multipath Device Controller...
Apr 12 19:03:37 black systemd[1]: Starting Install ZFS kernel module...
Apr 12 19:03:37 black systemd[1]: Finished Install ZFS kernel module.
Apr 12 19:03:37 black systemd[1]: Starting Import ZFS pools by cache file...
Apr 12 19:03:37 black multipathd[727]: --------start up--------
Apr 12 19:03:37 black multipathd[727]: read /etc/multipath.conf
Apr 12 19:03:37 black multipathd[727]: path checkers start up
Apr 12 19:03:37 black systemd[1]: Started Device-Mapper Multipath Device Controller.
Apr 12 19:03:37 black systemd[1]: Reached target Local File Systems (Pre).
Apr 12 19:03:37 black systemd[1]: Condition check resulted in Virtual Machine and Container Storage (Compatibility) being skipped.
Apr 12 19:03:37 black systemd[1]: Reached target Containers.
Apr 12 19:03:37 black systemd[1]: Starting File System Check on /dev/disk/by-uuid/15639f7e-10f1-45e1-b5d9-cf4f2dcc3d81...
Apr 12 19:03:37 black systemd[1]: Started File System Check Daemon to report status.
Apr 12 19:03:37 black kernel: [    0.009747]   5 disabled
Apr 12 19:03:37 black kernel: [    0.009747]   6 disabled
Apr 12 19:03:37 black kernel: [    0.009747]   7 disabled
Apr 12 19:03:37 black kernel: [    0.009748] TOM2: 0000000440000000 aka 17408M
Apr 12 19:03:37 black kernel: [    0.010957] x86/PAT: Configuration [0-7]: WB  WC  UC- UC  WB  WP  UC- WT  
Apr 12 19:03:37 black kernel: [    0.011076] total RAM covered: 3071M
Apr 12 19:03:37 black kernel: [    0.011511] Found optimal setting for mtrr clean up
Apr 12 19:03:37 black kernel: [    0.011513]  gran_size: 64K 	chunk_size: 2M 	num_reg: 3  	lose cover RAM: 0G
Apr 12 19:03:37 black kernel: [    0.012567] e820: update [mem 0xbff00000-0xffffffff] usable ==> reserved
Apr 12 19:03:37 black kernel: [    0.012573] last_pfn = 0xbff00 max_arch_pfn = 0x400000000
Apr 12 19:03:37 black kernel: [    0.015644] found SMP MP-table at [mem 0x000fced0-0x000fcedf]
Apr 12 19:03:37 black kernel: [    0.074564] check: Scanning 1 areas for low memory corruption
Apr 12 19:03:37 black kernel: [    0.074568] Using GB pages for direct mapping
Apr 12 19:03:37 black kernel: [    0.075389] RAMDISK: [mem 0x2d58f000-0x32abefff]
Apr 12 19:03:37 black kernel: [    0.075396] ACPI: Early table checksum verification disabled
Apr 12 19:03:37 black kernel: [    0.075400] ACPI: RSDP 0x00000000000F0450 000024 (v02 ALASKA)
Apr 12 19:03:37 black kernel: [    0.075404] ACPI: XSDT 0x00000000BF2C0068 000054 (v01 ALASKA A M I    01072009 AMI  00010013)
Apr 12 19:03:37 black kernel: [    0.075409] ACPI: FACP 0x00000000BF2C5F60 0000F4 (v04 ALASKA A M I    01072009 AMI  00010013)
Apr 12 19:03:37 black kernel: [    0.075414] ACPI BIOS Warning (bug): Optional FADT field Pm2ControlBlock has valid Length but zero Address: 0x0000000000000000/0x1 (20190816/tbfadt-615)
Apr 12 19:03:37 black kernel: [    0.075418] ACPI: DSDT 0x00000000BF2C0150 005E10 (v02 ALASKA A M I    00000000 INTL 20051117)
Apr 12 19:03:37 black kernel: [    0.075421] ACPI: FACS 0x00000000BF2C7F80 000040
Apr 12 19:03:37 black kernel: [    0.075423] ACPI: APIC 0x00000000BF2C6058 00009E (v03 ALASKA A M I    01072009 AMI  00010013)
Apr 12 19:03:37 black kernel: [    0.075425] ACPI: MCFG 0x00000000BF2C60F8 00003C (v01 ALASKA A M I    01072009 MSFT 00010013)
Apr 12 19:03:37 black kernel: [    0.075428] ACPI: HPET 0x00000000BF2C6138 000038 (v01 ALASKA A M I    01072009 AMI  00000004)
Apr 12 19:03:37 black kernel: [    0.075430] ACPI: SSDT 0x00000000BF2C6170 0008BC (v01 AMD    POWERNOW 00000001 AMD  00000001)
Apr 12 19:03:37 black kernel: [    0.075433] ACPI: BGRT 0x00000000BF2C6A30 00003C (v00 ALASKA A M I    01072009 AMI  00010013)
Apr 12 19:03:37 black kernel: [    0.075436] ACPI: Reserving FACP table memory at [mem 0xbf2c5f60-0xbf2c6053]
Apr 12 19:03:37 black kernel: [    0.075437] ACPI: Reserving DSDT table memory at [mem 0xbf2c0150-0xbf2c5f5f]
Apr 12 19:03:37 black kernel: [    0.075438] ACPI: Reserving FACS table memory at [mem 0xbf2c7f80-0xbf2c7fbf]
Apr 12 19:03:37 black kernel: [    0.075439] ACPI: Reserving APIC table memory at [mem 0xbf2c6058-0xbf2c60f5]
Apr 12 19:03:37 black kernel: [    0.075440] ACPI: Reserving MCFG table memory at [mem 0xbf2c60f8-0xbf2c6133]
Apr 12 19:03:37 black kernel: [    0.075441] ACPI: Reserving HPET table memory at [mem 0xbf2c6138-0xbf2c616f]
Apr 12 19:03:37 black kernel: [    0.075442] ACPI: Reserving SSDT table memory at [mem 0xbf2c6170-0xbf2c6a2b]
Apr 12 19:03:37 black kernel: [    0.075443] ACPI: Reserving BGRT table memory at [mem 0xbf2c6a30-0xbf2c6a6b]
Apr 12 19:03:37 black kernel: [    0.075451] ACPI: Local APIC address 0xfee00000
Apr 12 19:03:37 black kernel: [    0.075544] Scanning NUMA topology in Northbridge 24
Apr 12 19:03:37 black kernel: [    0.075577] No NUMA configuration found
Apr 12 19:03:37 black kernel: [    0.075578] Faking a node at [mem 0x0000000000000000-0x000000043fffffff]
Apr 12 19:03:37 black kernel: [    0.075588] NODE_DATA(0) allocated [mem 0x43ffd3000-0x43fffdfff]
Apr 12 19:03:37 black kernel: [    0.075882] Zone ranges:
Apr 12 19:03:37 black kernel: [    0.075883]   DMA      [mem 0x0000000000001000-0x0000000000ffffff]
Apr 12 19:03:37 black kernel: [    0.075885]   DMA32    [mem 0x0000000001000000-0x00000000ffffffff]
Apr 12 19:03:37 black kernel: [    0.075886]   Normal   [mem 0x0000000100000000-0x000000043fffffff]
Apr 12 19:03:37 black kernel: [    0.075887]   Device   empty
Apr 12 19:03:37 black kernel: [    0.075888] Movable zone start for each node
Apr 12 19:03:37 black kernel: [    0.075892] Early memory node ranges
Apr 12 19:03:37 black kernel: [    0.075893]   node   0: [mem 0x0000000000001000-0x000000000009dfff]
Apr 12 19:03:37 black kernel: [    0.075894]   node   0: [mem 0x0000000000100000-0x00000000bf0cbfff]
Apr 12 19:03:37 black kernel: [    0.075895]   node   0: [mem 0x00000000bf4f7000-0x00000000bf780fff]
Apr 12 19:03:37 black kernel: [    0.075896]   node   0: [mem 0x00000000bfef3000-0x00000000bfefffff]
Apr 12 19:03:37 black kernel: [    0.075897]   node   0: [mem 0x0000000100001000-0x000000043fffffff]
Apr 12 19:03:37 black kernel: [    0.075939] Zeroed struct page in unavailable ranges: 3329 pages
Apr 12 19:03:37 black kernel: [    0.075940] Initmem setup node 0 [mem 0x0000000000001000-0x000000043fffffff]
Apr 12 19:03:37 black kernel: [    0.075942] On node 0 totalpages: 4190975
Apr 12 19:03:37 black kernel: [    0.075943]   DMA zone: 64 pages used for memmap
Apr 12 19:03:37 black kernel: [    0.075943]   DMA zone: 21 pages reserved
Apr 12 19:03:37 black kernel: [    0.075944]   DMA zone: 3997 pages, LIFO batch:0
Apr 12 19:03:37 black kernel: [    0.076003]   DMA32 zone: 12174 pages used for memmap
Apr 12 19:03:37 black kernel: [    0.076003]   DMA32 zone: 779107 pages, LIFO batch:63
Apr 12 19:03:37 black kernel: [    0.090776]   Normal zone: 53248 pages used for memmap
Apr 12 19:03:37 black kernel: [    0.090777]   Normal zone: 3407871 pages, LIFO batch:63
Apr 12 19:03:37 black kernel: [    0.152052] ACPI: PM-Timer IO Port: 0x808
Apr 12 19:03:37 black kernel: [    0.152055] ACPI: Local APIC address 0xfee00000
Apr 12 19:03:37 black kernel: [    0.152062] ACPI: LAPIC_NMI (acpi_id[0xff] high edge lint[0x1])
Apr 12 19:03:37 black kernel: [    0.152070] IOAPIC[0]: apic_id 5, version 33, address 0xfec00000, GSI 0-23
Apr 12 19:03:37 black kernel: [    0.152073] IOAPIC[1]: apic_id 6, version 33, address 0xfec20000, GSI 24-55
Apr 12 19:03:37 black kernel: [    0.152075] ACPI: INT_SRC_OVR (bus 0 bus_irq 0 global_irq 2 dfl dfl)
Apr 12 19:03:37 black kernel: [    0.152077] ACPI: INT_SRC_OVR (bus 0 bus_irq 9 global_irq 9 low level)
Apr 12 19:03:37 black kernel: [    0.152078] ACPI: IRQ0 used by override.
Apr 12 19:03:37 black kernel: [    0.152079] ACPI: IRQ9 used by override.
Apr 12 19:03:37 black kernel: [    0.152080] Using ACPI (MADT) for SMP configuration information
Apr 12 19:03:37 black kernel: [    0.152082] ACPI: HPET id: 0x43538210 base: 0xfed00000
Apr 12 19:03:37 black kernel: [    0.152086] smpboot: Allowing 8 CPUs, 4 hotplug CPUs
Apr 12 19:03:37 black kernel: [    0.152115] PM: Registered nosave memory: [mem 0x00000000-0x00000fff]
Apr 12 19:03:37 black kernel: [    0.152117] PM: Registered nosave memory: [mem 0x0009e000-0x0009efff]
Apr 12 19:03:37 black kernel: [    0.152118] PM: Registered nosave memory: [mem 0x0009f000-0x0009ffff]
Apr 12 19:03:37 black kernel: [    0.152119] PM: Registered nosave memory: [mem 0x000a0000-0x000dffff]
Apr 12 19:03:37 black kernel: [    0.152119] PM: Registered nosave memory: [mem 0x000e0000-0x000fffff]
Apr 12 19:03:37 black kernel: [    0.152121] PM: Registered nosave memory: [mem 0xbf0cc000-0xbf154fff]
Apr 12 19:03:37 black kernel: [    0.152122] PM: Registered nosave memory: [mem 0xbf155000-0xbf159fff]
Apr 12 19:03:37 black kernel: [    0.152123] PM: Registered nosave memory: [mem 0xbf15a000-0xbf15afff]
Apr 12 19:03:37 black kernel: [    0.152124] PM: Registered nosave memory: [mem 0xbf15b000-0xbf2adfff]
Apr 12 19:03:37 black kernel: [    0.152125] PM: Registered nosave memory: [mem 0xbf2ae000-0xbf2aefff]
Apr 12 19:03:37 black kernel: [    0.152125] PM: Registered nosave memory: [mem 0xbf2af000-0xbf2befff]
Apr 12 19:03:37 black kernel: [    0.152126] PM: Registered nosave memory: [mem 0xbf2bf000-0xbf2bffff]
Apr 12 19:03:37 black kernel: [    0.152127] PM: Registered nosave memory: [mem 0xbf2c0000-0xbf2c6fff]
Apr 12 19:03:37 black kernel: [    0.152128] PM: Registered nosave memory: [mem 0xbf2c7000-0xbf2ccfff]
Apr 12 19:03:37 black kernel: [    0.152128] PM: Registered nosave memory: [mem 0xbf2cd000-0xbf2f3fff]
Apr 12 19:03:37 black kernel: [    0.152129] PM: Registered nosave memory: [mem 0xbf2f4000-0xbf4f6fff]
Apr 12 19:03:37 black kernel: [    0.152131] PM: Registered nosave memory: [mem 0xbf781000-0xbfef2fff]
Apr 12 19:03:37 black kernel: [    0.152133] PM: Registered nosave memory: [mem 0xbff00000-0xfebfffff]
Apr 12 19:03:37 black kernel: [    0.152134] PM: Registered nosave memory: [mem 0xfec00000-0xfec00fff]
Apr 12 19:03:37 black kernel: [    0.152135] PM: Registered nosave memory: [mem 0xfec01000-0xfec0ffff]
Apr 12 19:03:37 black kernel: [    0.152135] PM: Registered nosave memory: [mem 0xfec10000-0xfec10fff]
Apr 12 19:03:37 black kernel: [    0.152136] PM: Registered nosave memory: [mem 0xfec11000-0xfec1ffff]
Apr 12 19:03:37 black kernel: [    0.152137] PM: Registered nosave memory: [mem 0xfec20000-0xfec20fff]
Apr 12 19:03:37 black kernel: [    0.152138] PM: Registered nosave memory: [mem 0xfec21000-0xfecfffff]
Apr 12 19:03:37 black kernel: [    0.152138] PM: Registered nosave memory: [mem 0xfed00000-0xfed00fff]
Apr 12 19:03:37 black kernel: [    0.152139] PM: Registered nosave memory: [mem 0xfed01000-0xfed60fff]
Apr 12 19:03:37 black kernel: [    0.152140] PM: Registered nosave memory: [mem 0xfed61000-0xfed70fff]
Apr 12 19:03:37 black kernel: [    0.152141] PM: Registered nosave memory: [mem 0xfed71000-0xfed7ffff]
Apr 12 19:03:37 black kernel: [    0.152142] PM: Registered nosave memory: [mem 0xfed80000-0xfed8ffff]
Apr 12 19:03:37 black kernel: [    0.152142] PM: Registered nosave memory: [mem 0xfed90000-0xfeefffff]
Apr 12 19:03:37 black kernel: [    0.152143] PM: Registered nosave memory: [mem 0xfef00000-0xffffffff]
Apr 12 19:03:37 black kernel: [    0.152144] PM: Registered nosave memory: [mem 0x100000000-0x100000fff]
Apr 12 19:03:37 black kernel: [    0.152146] [mem 0xbff00000-0xfebfffff] available for PCI devices
Apr 12 19:03:37 black kernel: [    0.152147] Booting paravirtualized kernel on bare hardware
Apr 12 19:03:37 black kernel: [    0.152151] clocksource: refined-jiffies: mask: 0xffffffff max_cycles: 0xffffffff, max_idle_ns: 7645519600211568 ns
Apr 12 19:03:37 black kernel: [    0.152157] setup_percpu: NR_CPUS:8192 nr_cpumask_bits:8 nr_cpu_ids:8 nr_node_ids:1
Apr 12 19:03:37 black kernel: [    0.152914] percpu: Embedded 60 pages/cpu s208896 r8192 d28672 u262144
Apr 12 19:03:37 black kernel: [    0.152922] pcpu-alloc: s208896 r8192 d28672 u262144 alloc=1*2097152
Apr 12 19:03:37 black kernel: [    0.152923] pcpu-alloc: [0] 0 1 2 3 4 5 6 7 
Apr 12 19:03:37 black kernel: [    0.152956] Built 1 zonelists, mobility grouping on.  Total pages: 4125468
Apr 12 19:03:37 black kernel: [    0.152957] Policy zone: Normal
Apr 12 19:03:37 black kernel: [    0.152959] Kernel command line: BOOT_IMAGE=/vmlinuz-5.4.0-107-generic root=/dev/mapper/ubuntu--vg-ubuntu--lv ro maybe-ubiquity
Apr 12 19:03:37 black kernel: [    0.156517] Dentry cache hash table entries: 2097152 (order: 12, 16777216 bytes, linear)
Apr 12 19:03:37 black kernel: [    0.158280] Inode-cache hash table entries: 1048576 (order: 11, 8388608 bytes, linear)
Apr 12 19:03:37 black kernel: [    0.158315] mem auto-init: stack:off, heap alloc:on, heap free:off
Apr 12 19:03:37 black kernel: [    0.172659] AGP: Checking aperture...
Apr 12 19:03:37 black kernel: [    0.178512] AGP: No AGP bridge found
Apr 12 19:03:37 black kernel: [    0.178515] AGP: Node 0: aperture [bus addr 0xb4000000-0xb5ffffff] (32MB)
Apr 12 19:03:37 black kernel: [    0.178516] Aperture pointing to e820 RAM. Ignoring.
Apr 12 19:03:37 black kernel: [    0.178517] AGP: Your BIOS doesn't leave an aperture memory hole
Apr 12 19:03:37 black kernel: [    0.178518] AGP: Please enable the IOMMU option in the BIOS setup
Apr 12 19:03:37 black kernel: [    0.178519] AGP: This costs you 64MB of RAM
Apr 12 19:03:37 black kernel: [    0.178522] AGP: Mapping aperture over RAM [mem 0xb4000000-0xb7ffffff] (65536KB)
Apr 12 19:03:37 black kernel: [    0.178525] PM: Registered nosave memory: [mem 0xb4000000-0xb7ffffff]
Apr 12 19:03:37 black kernel: [    0.245783] Memory: 16219332K/16763900K available (14339K kernel code, 2401K rwdata, 9504K rodata, 2752K init, 4948K bss, 544568K reserved, 0K cma-reserved)
Apr 12 19:03:37 black kernel: [    0.245791] random: get_random_u64 called from kmem_cache_open+0x2d/0x410 with crng_init=0
Apr 12 19:03:37 black kernel: [    0.245988] SLUB: HWalign=64, Order=0-3, MinObjects=0, CPUs=8, Nodes=1
Apr 12 19:03:37 black kernel: [    0.246005] ftrace: allocating 44660 entries in 175 pages
Apr 12 19:03:37 black kernel: [    0.258994] rcu: Hierarchical RCU implementation.
Apr 12 19:03:37 black kernel: [    0.258996] rcu: 	RCU restricting CPUs from NR_CPUS=8192 to nr_cpu_ids=8.
Apr 12 19:03:37 black kernel: [    0.258998] 	Tasks RCU enabled.
Apr 12 19:03:37 black kernel: [    0.258999] rcu: RCU calculated value of scheduler-enlistment delay is 25 jiffies.
Apr 12 19:03:37 black kernel: [    0.259001] rcu: Adjusting geometry for rcu_fanout_leaf=16, nr_cpu_ids=8
Apr 12 19:03:37 black kernel: [    0.262196] NR_IRQS: 524544, nr_irqs: 1032, preallocated irqs: 16
Apr 12 19:03:37 black kernel: [    0.262530] spurious 8259A interrupt: IRQ7.
Apr 12 19:03:37 black kernel: [    0.262545] Console: colour dummy device 80x25
Apr 12 19:03:37 black kernel: [    0.262773] printk: console [tty0] enabled
Apr 12 19:03:37 black kernel: [    0.262794] ACPI: Core revision 20190816
Apr 12 19:03:37 black kernel: [    0.262880] clocksource: hpet: mask: 0xffffffff max_cycles: 0xffffffff, max_idle_ns: 133484873504 ns
Apr 12 19:03:37 black kernel: [    0.262896] APIC: Switch to symmetric I/O mode setup
Apr 12 19:03:37 black kernel: [    0.263349] ..TIMER: vector=0x30 apic1=0 pin1=2 apic2=-1 pin2=-1
Apr 12 19:03:37 black kernel: [    0.282897] clocksource: tsc-early: mask: 0xffffffffffffffff max_cycles: 0x310287a24e1, max_idle_ns: 440795325105 ns
Apr 12 19:03:37 black kernel: [    0.282904] Calibrating delay loop (skipped), value calculated using timer frequency.. 6800.12 BogoMIPS (lpj=13600240)
Apr 12 19:03:37 black kernel: [    0.282909] pid_max: default: 32768 minimum: 301
Apr 12 19:03:37 black kernel: [    0.282946] LSM: Security Framework initializing
Apr 12 19:03:37 black kernel: [    0.282960] Yama: becoming mindful.
Apr 12 19:03:37 black kernel: [    0.283014] AppArmor: AppArmor initialized
Apr 12 19:03:37 black kernel: [    0.283104] Mount-cache hash table entries: 32768 (order: 6, 262144 bytes, linear)
Apr 12 19:03:37 black kernel: [    0.283165] Mountpoint-cache hash table entries: 32768 (order: 6, 262144 bytes, linear)
Apr 12 19:03:37 black kernel: [    0.283186] *** VALIDATE tmpfs ***
Apr 12 19:03:37 black kernel: [    0.283344] *** VALIDATE proc ***
Apr 12 19:03:37 black kernel: [    0.283409] *** VALIDATE cgroup1 ***
Apr 12 19:03:37 black kernel: [    0.283412] *** VALIDATE cgroup2 ***
Apr 12 19:03:37 black kernel: [    0.283458] LVT offset 0 assigned for vector 0xf9
Apr 12 19:03:37 black kernel: [    0.283463] Last level iTLB entries: 4KB 512, 2MB 16, 4MB 8
Apr 12 19:03:37 black kernel: [    0.283465] Last level dTLB entries: 4KB 512, 2MB 128, 4MB 64, 1GB 0
Apr 12 19:03:37 black kernel: [    0.283470] Spectre V1 : Mitigation: usercopy/swapgs barriers and __user pointer sanitization
Apr 12 19:03:37 black kernel: [    0.283474] Spectre V2 : Mitigation: LFENCE
Apr 12 19:03:37 black kernel: [    0.283475] Spectre V2 : Spectre v2 / SpectreRSB mitigation: Filling RSB on context switch
Apr 12 19:03:37 black kernel: [    0.283589] Freeing SMP alternatives memory: 40K
Apr 12 19:03:37 black kernel: [    0.397459] smpboot: CPU0: AMD Phenom(tm) II X4 965 Processor (family: 0x10, model: 0x4, stepping: 0x3)
Apr 12 19:03:37 black kernel: [    0.397576] Performance Events: AMD PMU driver.
Apr 12 19:03:37 black kernel: [    0.397580] ... version:                0
Apr 12 19:03:37 black kernel: [    0.397582] ... bit width:              48
Apr 12 19:03:37 black kernel: [    0.397583] ... generic registers:      4
Apr 12 19:03:37 black kernel: [    0.397585] ... value mask:             0000ffffffffffff
Apr 12 19:03:37 black kernel: [    0.397587] ... max period:             00007fffffffffff
Apr 12 19:03:37 black kernel: [    0.397589] ... fixed-purpose events:   0
Apr 12 19:03:37 black kernel: [    0.397590] ... event mask:             000000000000000f
Apr 12 19:03:37 black kernel: [    0.397628] rcu: Hierarchical SRCU implementation.
Apr 12 19:03:37 black kernel: [    0.398169] NMI watchdog: Enabled. Permanently consumes one hw-PMU counter.
Apr 12 19:03:37 black kernel: [    0.398285] smp: Bringing up secondary CPUs ...
Apr 12 19:03:37 black kernel: [    0.398412] x86: Booting SMP configuration:
Apr 12 19:03:37 black kernel: [    0.398415] .... node  #0, CPUs:      #1 #2 #3
Apr 12 19:03:37 black kernel: [    0.402960] smp: Brought up 1 node, 4 CPUs
Apr 12 19:03:37 black kernel: [    0.402960] smpboot: Max logical packages: 2
Apr 12 19:03:37 black kernel: [    0.402960] smpboot: Total of 4 processors activated (27200.48 BogoMIPS)
Apr 12 19:03:37 black kernel: [    0.407755] devtmpfs: initialized
Apr 12 19:03:37 black kernel: [    0.407755] x86/mm: Memory block size: 128MB
Apr 12 19:03:37 black kernel: [    0.410922] PM: Registering ACPI NVS region [mem 0xbf0cc000-0xbf154fff] (561152 bytes)
Apr 12 19:03:37 black kernel: [    0.410934] PM: Registering ACPI NVS region [mem 0xbf15a000-0xbf15afff] (4096 bytes)
Apr 12 19:03:37 black kernel: [    0.410936] PM: Registering ACPI NVS region [mem 0xbf2ae000-0xbf2aefff] (4096 bytes)
Apr 12 19:03:37 black kernel: [    0.410939] PM: Registering ACPI NVS region [mem 0xbf2bf000-0xbf2bffff] (4096 bytes)
Apr 12 19:03:37 black kernel: [    0.410942] PM: Registering ACPI NVS region [mem 0xbf2c7000-0xbf2ccfff] (24576 bytes)
Apr 12 19:03:37 black kernel: [    0.410945] PM: Registering ACPI NVS region [mem 0xbf2f4000-0xbf4f6fff] (2109440 bytes)
Apr 12 19:03:37 black kernel: [    0.411018] clocksource: jiffies: mask: 0xffffffff max_cycles: 0xffffffff, max_idle_ns: 7645041785100000 ns
Apr 12 19:03:37 black kernel: [    0.411018] futex hash table entries: 2048 (order: 5, 131072 bytes, linear)
Apr 12 19:03:37 black kernel: [    0.411018] pinctrl core: initialized pinctrl subsystem
Apr 12 19:03:37 black kernel: [    0.411095] PM: RTC time: 19:03:20, date: 2022-04-12
Apr 12 19:03:37 black kernel: [    0.411230] NET: Registered protocol family 16
Apr 12 19:03:37 black kernel: [    0.411317] audit: initializing netlink subsys (disabled)
Apr 12 19:03:37 black kernel: [    0.411328] audit: type=2000 audit(1649790200.148:1): state=initialized audit_enabled=0 res=1
Apr 12 19:03:37 black kernel: [    0.411328] EISA bus registered
Apr 12 19:03:37 black kernel: [    0.411328] cpuidle: using governor ladder
Apr 12 19:03:37 black kernel: [    0.411328] cpuidle: using governor menu
Apr 12 19:03:37 black kernel: [    0.411328] node 0 link 0: io port [d000, ffff]
Apr 12 19:03:37 black kernel: [    0.411328] TOM: 00000000c0000000 aka 3072M
Apr 12 19:03:37 black kernel: [    0.411328] Fam 10h mmconf [mem 0xe0000000-0xefffffff]
Apr 12 19:03:37 black kernel: [    0.411328] node 0 link 0: mmio [c0000000, fef0ffff] ==> [c0000000, dfffffff] and [f0000000, fef0ffff]
Apr 12 19:03:37 black kernel: [    0.411328] TOM2: 0000000440000000 aka 17408M
Apr 12 19:03:37 black kernel: [    0.411328] bus: [bus 00-1f] on node 0 link 0
Apr 12 19:03:37 black kernel: [    0.411328] bus: 00 [io  0x0000-0xffff]
Apr 12 19:03:37 black kernel: [    0.411328] bus: 00 [mem 0xc0000000-0xdfffffff]
Apr 12 19:03:37 black kernel: [    0.411328] bus: 00 [mem 0xf0000000-0xffffffff]
Apr 12 19:03:37 black kernel: [    0.411328] bus: 00 [mem 0x440000000-0xfcffffffff]
Apr 12 19:03:37 black kernel: [    0.411328] ACPI: bus type PCI registered
Apr 12 19:03:37 black kernel: [    0.411328] acpiphp: ACPI Hot Plug PCI Controller Driver version: 0.5
Apr 12 19:03:37 black kernel: [    0.411328] PCI: MMCONFIG for domain 0000 [bus 00-ff] at [mem 0xe0000000-0xefffffff] (base 0xe0000000)
Apr 12 19:03:37 black kernel: [    0.411328] PCI: not using MMCONFIG
Apr 12 19:03:37 black kernel: [    0.411328] PCI: Using configuration type 1 for base access
Apr 12 19:03:37 black kernel: [    0.411328] PCI: Using configuration type 1 for extended access
Apr 12 19:03:37 black kernel: [    0.413065] HugeTLB registered 1.00 GiB page size, pre-allocated 0 pages
Apr 12 19:03:37 black kernel: [    0.413065] HugeTLB registered 2.00 MiB page size, pre-allocated 0 pages
Apr 12 19:03:37 black kernel: [    0.414960] fbcon: Taking over console
Apr 12 19:03:37 black kernel: [    0.414977] ACPI: Added _OSI(Module Device)
Apr 12 19:03:37 black kernel: [    0.414979] ACPI: Added _OSI(Processor Device)
Apr 12 19:03:37 black kernel: [    0.414981] ACPI: Added _OSI(3.0 _SCP Extensions)
Apr 12 19:03:37 black kernel: [    0.414983] ACPI: Added _OSI(Processor Aggregator Device)
Apr 12 19:03:37 black kernel: [    0.414986] ACPI: Added _OSI(Linux-Dell-Video)
Apr 12 19:03:37 black kernel: [    0.414988] ACPI: Added _OSI(Linux-Lenovo-NV-HDMI-Audio)
Apr 12 19:03:37 black kernel: [    0.414990] ACPI: Added _OSI(Linux-HPI-Hybrid-Graphics)
Apr 12 19:03:37 black kernel: [    0.420074] ACPI: 2 ACPI AML tables successfully acquired and loaded
Apr 12 19:03:37 black kernel: [    0.421052] ACPI: Interpreter enabled
Apr 12 19:03:37 black kernel: [    0.421072] ACPI: (supports S0 S1 S3 S4 S5)
Apr 12 19:03:37 black kernel: [    0.421075] ACPI: Using IOAPIC for interrupt routing
Apr 12 19:03:37 black kernel: [    0.421259] PCI: MMCONFIG for domain 0000 [bus 00-ff] at [mem 0xe0000000-0xefffffff] (base 0xe0000000)
Apr 12 19:03:37 black kernel: [    0.421308] PCI: MMCONFIG at [mem 0xe0000000-0xefffffff] reserved in ACPI motherboard resources
Apr 12 19:03:37 black kernel: [    0.421323] PCI: Using host bridge windows from ACPI; if necessary, use "pci=nocrs" and report a bug
Apr 12 19:03:37 black kernel: [    0.421514] ACPI: Enabled 10 GPEs in block 00 to 1F
Apr 12 19:03:37 black kernel: [    0.428483] ACPI: PCI Root Bridge [PCI0] (domain 0000 [bus 00-ff])
Apr 12 19:03:37 black kernel: [    0.428491] acpi PNP0A03:00: _OSC: OS supports [ExtendedConfig ASPM ClockPM Segments MSI HPX-Type3]
Apr 12 19:03:37 black kernel: [    0.428892] PCI host bridge to bus 0000:00
Apr 12 19:03:37 black kernel: [    0.428896] pci_bus 0000:00: root bus resource [io  0x0000-0x03af window]
Apr 12 19:03:37 black kernel: [    0.428898] pci_bus 0000:00: root bus resource [io  0x03e0-0x0cf7 window]
Apr 12 19:03:37 black kernel: [    0.428901] pci_bus 0000:00: root bus resource [io  0x03b0-0x03df window]
Apr 12 19:03:37 black kernel: [    0.428903] pci_bus 0000:00: root bus resource [io  0x0d00-0xffff window]
Apr 12 19:03:37 black kernel: [    0.428906] pci_bus 0000:00: root bus resource [mem 0x000a0000-0x000bffff window]
Apr 12 19:03:37 black kernel: [    0.428909] pci_bus 0000:00: root bus resource [mem 0x000c0000-0x000dffff window]
Apr 12 19:03:37 black kernel: [    0.428912] pci_bus 0000:00: root bus resource [mem 0xc0000000-0xffffffff window]
Apr 12 19:03:37 black kernel: [    0.428916] pci_bus 0000:00: root bus resource [bus 00-ff]
Apr 12 19:03:37 black kernel: [    0.428927] pci 0000:00:00.0: [1002:5a14] type 00 class 0x060000
Apr 12 19:03:37 black kernel: [    0.429059] pci 0000:00:02.0: [1002:5a16] type 01 class 0x060400
Apr 12 19:03:37 black kernel: [    0.429078] pci 0000:00:02.0: enabling Extended Tags
Apr 12 19:03:37 black kernel: [    0.429099] pci 0000:00:02.0: PME# supported from D0 D3hot D3cold
Apr 12 19:03:37 black kernel: [    0.429194] pci 0000:00:03.0: [1002:5a17] type 01 class 0x060400
Apr 12 19:03:37 black kernel: [    0.429211] pci 0000:00:03.0: enabling Extended Tags
Apr 12 19:03:37 black kernel: [    0.429231] pci 0000:00:03.0: PME# supported from D0 D3hot D3cold
Apr 12 19:03:37 black kernel: [    0.429330] pci 0000:00:04.0: [1002:5a18] type 01 class 0x060400
Apr 12 19:03:37 black kernel: [    0.429347] pci 0000:00:04.0: enabling Extended Tags
Apr 12 19:03:37 black kernel: [    0.429367] pci 0000:00:04.0: PME# supported from D0 D3hot D3cold
Apr 12 19:03:37 black kernel: [    0.429472] pci 0000:00:11.0: [1002:4390] type 00 class 0x01018f
Apr 12 19:03:37 black kernel: [    0.429489] pci 0000:00:11.0: reg 0x10: [io  0xf090-0xf097]
Apr 12 19:03:37 black kernel: [    0.429497] pci 0000:00:11.0: reg 0x14: [io  0xf080-0xf083]
Apr 12 19:03:37 black kernel: [    0.429505] pci 0000:00:11.0: reg 0x18: [io  0xf070-0xf077]
Apr 12 19:03:37 black kernel: [    0.429512] pci 0000:00:11.0: reg 0x1c: [io  0xf060-0xf063]
Apr 12 19:03:37 black kernel: [    0.429520] pci 0000:00:11.0: reg 0x20: [io  0xf050-0xf05f]
Apr 12 19:03:37 black kernel: [    0.429527] pci 0000:00:11.0: reg 0x24: [mem 0xfeb0b000-0xfeb0b3ff]
Apr 12 19:03:37 black kernel: [    0.429548] pci 0000:00:11.0: set SATA to AHCI mode
Apr 12 19:03:37 black kernel: [    0.429655] pci 0000:00:12.0: [1002:4397] type 00 class 0x0c0310
Apr 12 19:03:37 black kernel: [    0.429669] pci 0000:00:12.0: reg 0x10: [mem 0xfeb0a000-0xfeb0afff]
Apr 12 19:03:37 black kernel: [    0.429800] pci 0000:00:12.2: [1002:4396] type 00 class 0x0c0320
Apr 12 19:03:37 black kernel: [    0.429817] pci 0000:00:12.2: reg 0x10: [mem 0xfeb09000-0xfeb090ff]
Apr 12 19:03:37 black kernel: [    0.429874] pci 0000:00:12.2: supports D1 D2
Apr 12 19:03:37 black kernel: [    0.429876] pci 0000:00:12.2: PME# supported from D0 D1 D2 D3hot
Apr 12 19:03:37 black kernel: [    0.429971] pci 0000:00:13.0: [1002:4397] type 00 class 0x0c0310
Apr 12 19:03:37 black kernel: [    0.429985] pci 0000:00:13.0: reg 0x10: [mem 0xfeb08000-0xfeb08fff]
Apr 12 19:03:37 black kernel: [    0.430116] pci 0000:00:13.2: [1002:4396] type 00 class 0x0c0320
Apr 12 19:03:37 black kernel: [    0.430132] pci 0000:00:13.2: reg 0x10: [mem 0xfeb07000-0xfeb070ff]
Apr 12 19:03:37 black kernel: [    0.430190] pci 0000:00:13.2: supports D1 D2
Apr 12 19:03:37 black kernel: [    0.430192] pci 0000:00:13.2: PME# supported from D0 D1 D2 D3hot
Apr 12 19:03:37 black kernel: [    0.430287] pci 0000:00:14.0: [1002:4385] type 00 class 0x0c0500
Apr 12 19:03:37 black kernel: [    0.430418] pci 0000:00:14.1: [1002:439c] type 00 class 0x01018a
Apr 12 19:03:37 black kernel: [    0.430433] pci 0000:00:14.1: reg 0x10: [io  0xf040-0xf047]
Apr 12 19:03:37 black kernel: [    0.430440] pci 0000:00:14.1: reg 0x14: [io  0xf030-0xf033]
Apr 12 19:03:37 black kernel: [    0.430448] pci 0000:00:14.1: reg 0x18: [io  0xf020-0xf027]
Apr 12 19:03:37 black kernel: [    0.430456] pci 0000:00:14.1: reg 0x1c: [io  0xf010-0xf013]
Apr 12 19:03:37 black kernel: [    0.430463] pci 0000:00:14.1: reg 0x20: [io  0xf000-0xf00f]
Apr 12 19:03:37 black kernel: [    0.430479] pci 0000:00:14.1: legacy IDE quirk: reg 0x10: [io  0x01f0-0x01f7]
Apr 12 19:03:37 black kernel: [    0.430481] pci 0000:00:14.1: legacy IDE quirk: reg 0x14: [io  0x03f6]
Apr 12 19:03:37 black kernel: [    0.430484] pci 0000:00:14.1: legacy IDE quirk: reg 0x18: [io  0x0170-0x0177]
Apr 12 19:03:37 black kernel: [    0.430486] pci 0000:00:14.1: legacy IDE quirk: reg 0x1c: [io  0x0376]
Apr 12 19:03:37 black kernel: [    0.430583] pci 0000:00:14.2: [1002:4383] type 00 class 0x040300
Apr 12 19:03:37 black kernel: [    0.430602] pci 0000:00:14.2: reg 0x10: [mem 0xfeb00000-0xfeb03fff 64bit]
Apr 12 19:03:37 black kernel: [    0.430650] pci 0000:00:14.2: PME# supported from D0 D3hot D3cold
Apr 12 19:03:37 black kernel: [    0.430746] pci 0000:00:14.3: [1002:439d] type 00 class 0x060100
Apr 12 19:03:37 black kernel: [    0.430881] pci 0000:00:14.4: [1002:4384] type 01 class 0x060401
Apr 12 19:03:37 black kernel: [    0.431005] pci 0000:00:14.5: [1002:4399] type 00 class 0x0c0310
Apr 12 19:03:37 black kernel: [    0.431020] pci 0000:00:14.5: reg 0x10: [mem 0xfeb06000-0xfeb06fff]
Apr 12 19:03:37 black kernel: [    0.431148] pci 0000:00:15.0: [1002:43a0] type 01 class 0x060400
Apr 12 19:03:37 black kernel: [    0.431181] pci 0000:00:15.0: enabling Extended Tags
Apr 12 19:03:37 black kernel: [    0.431215] pci 0000:00:15.0: supports D1 D2
Apr 12 19:03:37 black kernel: [    0.431320] pci 0000:00:16.0: [1002:4397] type 00 class 0x0c0310
Apr 12 19:03:37 black kernel: [    0.431334] pci 0000:00:16.0: reg 0x10: [mem 0xfeb05000-0xfeb05fff]
Apr 12 19:03:37 black kernel: [    0.431462] pci 0000:00:16.2: [1002:4396] type 00 class 0x0c0320
Apr 12 19:03:37 black kernel: [    0.431479] pci 0000:00:16.2: reg 0x10: [mem 0xfeb04000-0xfeb040ff]
Apr 12 19:03:37 black kernel: [    0.431536] pci 0000:00:16.2: supports D1 D2
Apr 12 19:03:37 black kernel: [    0.431539] pci 0000:00:16.2: PME# supported from D0 D1 D2 D3hot
Apr 12 19:03:37 black kernel: [    0.431633] pci 0000:00:18.0: [1022:1200] type 00 class 0x060000
Apr 12 19:03:37 black kernel: [    0.431717] pci 0000:00:18.1: [1022:1201] type 00 class 0x060000
Apr 12 19:03:37 black kernel: [    0.431794] pci 0000:00:18.2: [1022:1202] type 00 class 0x060000
Apr 12 19:03:37 black kernel: [    0.431870] pci 0000:00:18.3: [1022:1203] type 00 class 0x060000
Apr 12 19:03:37 black kernel: [    0.431947] pci 0000:00:18.4: [1022:1204] type 00 class 0x060000
Apr 12 19:03:37 black kernel: [    0.432062] pci 0000:01:00.0: [1002:6739] type 00 class 0x030000
Apr 12 19:03:37 black kernel: [    0.432084] pci 0000:01:00.0: reg 0x10: [mem 0xc0000000-0xcfffffff 64bit pref]
Apr 12 19:03:37 black kernel: [    0.432095] pci 0000:01:00.0: reg 0x18: [mem 0xfea20000-0xfea3ffff 64bit]
Apr 12 19:03:37 black kernel: [    0.432103] pci 0000:01:00.0: reg 0x20: [io  0xe000-0xe0ff]
Apr 12 19:03:37 black kernel: [    0.432115] pci 0000:01:00.0: reg 0x30: [mem 0xfea00000-0xfea1ffff pref]
Apr 12 19:03:37 black kernel: [    0.432122] pci 0000:01:00.0: enabling Extended Tags
Apr 12 19:03:37 black kernel: [    0.432161] pci 0000:01:00.0: supports D1 D2
Apr 12 19:03:37 black kernel: [    0.432185] pci 0000:01:00.0: 16.000 Gb/s available PCIe bandwidth, limited by 2.5 GT/s x8 link at 0000:00:02.0 (capable of 32.000 Gb/s with 2.5 GT/s x16 link)
Apr 12 19:03:37 black kernel: [    0.432222] pci 0000:01:00.1: [1002:aa88] type 00 class 0x040300
Apr 12 19:03:37 black kernel: [    0.432243] pci 0000:01:00.1: reg 0x10: [mem 0xfea40000-0xfea43fff 64bit]
Apr 12 19:03:37 black kernel: [    0.432275] pci 0000:01:00.1: enabling Extended Tags
Apr 12 19:03:37 black kernel: [    0.432314] pci 0000:01:00.1: supports D1 D2
Apr 12 19:03:37 black kernel: [    0.432381] pci 0000:00:02.0: PCI bridge to [bus 01]
Apr 12 19:03:37 black kernel: [    0.432385] pci 0000:00:02.0:   bridge window [io  0xe000-0xefff]
Apr 12 19:03:37 black kernel: [    0.432388] pci 0000:00:02.0:   bridge window [mem 0xfea00000-0xfeafffff]
Apr 12 19:03:37 black kernel: [    0.432392] pci 0000:00:02.0:   bridge window [mem 0xc0000000-0xcfffffff 64bit pref]
Apr 12 19:03:37 black kernel: [    0.432424] pci 0000:02:00.0: [144d:a808] type 00 class 0x010802
Apr 12 19:03:37 black kernel: [    0.432446] pci 0000:02:00.0: reg 0x10: [mem 0xfe900000-0xfe903fff 64bit]
Apr 12 19:03:37 black kernel: [    0.432549] pci 0000:02:00.0: 16.000 Gb/s available PCIe bandwidth, limited by 5 GT/s x4 link at 0000:00:03.0 (capable of 31.504 Gb/s with 8 GT/s x4 link)
Apr 12 19:03:37 black kernel: [    0.432596] pci 0000:00:03.0: PCI bridge to [bus 02]
Apr 12 19:03:37 black kernel: [    0.432600] pci 0000:00:03.0:   bridge window [mem 0xfe900000-0xfe9fffff]
Apr 12 19:03:37 black kernel: [    0.432638] pci 0000:03:00.0: [1b21:1042] type 00 class 0x0c0330
Apr 12 19:03:37 black kernel: [    0.432662] pci 0000:03:00.0: reg 0x10: [mem 0xfe800000-0xfe807fff 64bit]
Apr 12 19:03:37 black kernel: [    0.432753] pci 0000:03:00.0: PME# supported from D3hot
Apr 12 19:03:37 black kernel: [    0.432824] pci 0000:00:04.0: PCI bridge to [bus 03]
Apr 12 19:03:37 black kernel: [    0.432828] pci 0000:00:04.0:   bridge window [mem 0xfe800000-0xfe8fffff]
Apr 12 19:03:37 black kernel: [    0.432839] pci_bus 0000:04: extended config space not accessible
Apr 12 19:03:37 black kernel: [    0.432888] pci 0000:00:14.4: PCI bridge to [bus 04] (subtractive decode)
Apr 12 19:03:37 black kernel: [    0.432896] pci 0000:00:14.4:   bridge window [io  0x0000-0x03af window] (subtractive decode)
Apr 12 19:03:37 black kernel: [    0.432899] pci 0000:00:14.4:   bridge window [io  0x03e0-0x0cf7 window] (subtractive decode)
Apr 12 19:03:37 black kernel: [    0.432902] pci 0000:00:14.4:   bridge window [io  0x03b0-0x03df window] (subtractive decode)
Apr 12 19:03:37 black kernel: [    0.432905] pci 0000:00:14.4:   bridge window [io  0x0d00-0xffff window] (subtractive decode)
Apr 12 19:03:37 black kernel: [    0.432908] pci 0000:00:14.4:   bridge window [mem 0x000a0000-0x000bffff window] (subtractive decode)
Apr 12 19:03:37 black kernel: [    0.432911] pci 0000:00:14.4:   bridge window [mem 0x000c0000-0x000dffff window] (subtractive decode)
Apr 12 19:03:37 black kernel: [    0.432915] pci 0000:00:14.4:   bridge window [mem 0xc0000000-0xffffffff window] (subtractive decode)
Apr 12 19:03:37 black kernel: [    0.432961] pci 0000:05:00.0: [10ec:8168] type 00 class 0x020000
Apr 12 19:03:37 black kernel: [    0.432988] pci 0000:05:00.0: reg 0x10: [io  0xd000-0xd0ff]
Apr 12 19:03:37 black kernel: [    0.433013] pci 0000:05:00.0: reg 0x18: [mem 0xd0004000-0xd0004fff 64bit pref]
Apr 12 19:03:37 black kernel: [    0.433030] pci 0000:05:00.0: reg 0x20: [mem 0xd0000000-0xd0003fff 64bit pref]
Apr 12 19:03:37 black kernel: [    0.433120] pci 0000:05:00.0: supports D1 D2
Apr 12 19:03:37 black kernel: [    0.433122] pci 0000:05:00.0: PME# supported from D0 D1 D2 D3hot D3cold
Apr 12 19:03:37 black kernel: [    0.433224] pci 0000:00:15.0: PCI bridge to [bus 05]
Apr 12 19:03:37 black kernel: [    0.433229] pci 0000:00:15.0:   bridge window [io  0xd000-0xdfff]
Apr 12 19:03:37 black kernel: [    0.433235] pci 0000:00:15.0:   bridge window [mem 0xd0000000-0xd00fffff 64bit pref]
Apr 12 19:03:37 black kernel: [    0.433656] ACPI: PCI Interrupt Link [LNKA] (IRQs 4 7 10 11 14 15) *0
Apr 12 19:03:37 black kernel: [    0.433740] ACPI: PCI Interrupt Link [LNKB] (IRQs 4 7 10 11 14 15) *0
Apr 12 19:03:37 black kernel: [    0.433826] ACPI: PCI Interrupt Link [LNKC] (IRQs 4 7 10 11 14 15) *0
Apr 12 19:03:37 black kernel: [    0.433911] ACPI: PCI Interrupt Link [LNKD] (IRQs 4 7 10 11 14 15) *0
Apr 12 19:03:37 black kernel: [    0.433981] ACPI: PCI Interrupt Link [LNKE] (IRQs 4 7 10 11 14 15) *0
Apr 12 19:03:37 black kernel: [    0.434036] ACPI: PCI Interrupt Link [LNKF] (IRQs 4 10 11 14 15) *0
Apr 12 19:03:37 black kernel: [    0.434091] ACPI: PCI Interrupt Link [LNKG] (IRQs 4 7 10 11 14 15) *0
Apr 12 19:03:37 black kernel: [    0.434146] ACPI: PCI Interrupt Link [LNKH] (IRQs 4 7 10 11 14 15) *0
Apr 12 19:03:37 black kernel: [    0.434318] iommu: Default domain type: Translated 
Apr 12 19:03:37 black kernel: [    0.434318] SCSI subsystem initialized
Apr 12 19:03:37 black kernel: [    0.434318] libata version 3.00 loaded.
Apr 12 19:03:37 black kernel: [    0.434318] pci 0000:01:00.0: vgaarb: setting as boot VGA device
Apr 12 19:03:37 black kernel: [    0.434318] pci 0000:01:00.0: vgaarb: VGA device added: decodes=io+mem,owns=io+mem,locks=none
Apr 12 19:03:37 black kernel: [    0.434318] pci 0000:01:00.0: vgaarb: bridge control possible
Apr 12 19:03:37 black kernel: [    0.434318] vgaarb: loaded
Apr 12 19:03:37 black kernel: [    0.434318] ACPI: bus type USB registered
Apr 12 19:03:37 black kernel: [    0.434318] usbcore: registered new interface driver usbfs
Apr 12 19:03:37 black kernel: [    0.434318] usbcore: registered new interface driver hub
Apr 12 19:03:37 black kernel: [    0.434318] usbcore: registered new device driver usb
Apr 12 19:03:37 black kernel: [    0.434318] pps_core: LinuxPPS API ver. 1 registered
Apr 12 19:03:37 black kernel: [    0.434318] pps_core: Software ver. 5.3.6 - Copyright 2005-2007 Rodolfo Giometti <giometti@linux.it>
Apr 12 19:03:37 black kernel: [    0.434318] PTP clock support registered
Apr 12 19:03:37 black kernel: [    0.434933] EDAC MC: Ver: 3.0.0
Apr 12 19:03:37 black kernel: [    0.435034] PCI: Using ACPI for IRQ routing
Apr 12 19:03:37 black kernel: [    0.441063] PCI: pci_cache_line_size set to 64 bytes
Apr 12 19:03:37 black kernel: [    0.441110] e820: reserve RAM buffer [mem 0x0009ec00-0x0009ffff]
Apr 12 19:03:37 black kernel: [    0.441111] e820: reserve RAM buffer [mem 0xbf0cc000-0xbfffffff]
Apr 12 19:03:37 black kernel: [    0.441112] e820: reserve RAM buffer [mem 0xbf781000-0xbfffffff]
Apr 12 19:03:37 black kernel: [    0.441113] e820: reserve RAM buffer [mem 0xbff00000-0xbfffffff]
Apr 12 19:03:37 black kernel: [    0.441209] NetLabel: Initializing
Apr 12 19:03:37 black kernel: [    0.441211] NetLabel:  domain hash size = 128
Apr 12 19:03:37 black kernel: [    0.441213] NetLabel:  protocols = UNLABELED CIPSOv4 CALIPSO
Apr 12 19:03:37 black kernel: [    0.441227] NetLabel:  unlabeled traffic allowed by default
Apr 12 19:03:37 black kernel: [    0.441247] hpet0: at MMIO 0xfed00000, IRQs 2, 8, 0
Apr 12 19:03:37 black kernel: [    0.441247] hpet0: 3 comparators, 32-bit 14.318180 MHz counter
Apr 12 19:03:37 black kernel: [    0.442956] clocksource: Switched to clocksource tsc-early
Apr 12 19:03:37 black kernel: [    0.456129] *** VALIDATE bpf ***
Apr 12 19:03:37 black kernel: [    0.456202] VFS: Disk quotas dquot_6.6.0
Apr 12 19:03:37 black kernel: [    0.456221] VFS: Dquot-cache hash table entries: 512 (order 0, 4096 bytes)
Apr 12 19:03:37 black kernel: [    0.456249] *** VALIDATE ramfs ***
Apr 12 19:03:37 black kernel: [    0.456253] *** VALIDATE hugetlbfs ***
Apr 12 19:03:37 black kernel: [    0.456349] AppArmor: AppArmor Filesystem Enabled
Apr 12 19:03:37 black kernel: [    0.456375] pnp: PnP ACPI init
Apr 12 19:03:37 black kernel: [    0.456526] system 00:00: [mem 0xe0000000-0xefffffff] has been reserved
Apr 12 19:03:37 black kernel: [    0.456534] system 00:00: Plug and Play ACPI device, IDs PNP0c01 (active)
Apr 12 19:03:37 black kernel: [    0.456860] system 00:01: [io  0x040b] has been reserved
Apr 12 19:03:37 black kernel: [    0.456863] system 00:01: [io  0x04d6] has been reserved
Apr 12 19:03:37 black kernel: [    0.456866] system 00:01: [io  0x0c00-0x0c01] has been reserved
Apr 12 19:03:37 black kernel: [    0.456868] system 00:01: [io  0x0c14] has been reserved
Apr 12 19:03:37 black kernel: [    0.456871] system 00:01: [io  0x0c50-0x0c51] has been reserved
Apr 12 19:03:37 black kernel: [    0.456873] system 00:01: [io  0x0c52] has been reserved
Apr 12 19:03:37 black kernel: [    0.456875] system 00:01: [io  0x0c6c] has been reserved
Apr 12 19:03:37 black kernel: [    0.456877] system 00:01: [io  0x0c6f] has been reserved
Apr 12 19:03:37 black kernel: [    0.456880] system 00:01: [io  0x0cd0-0x0cd1] has been reserved
